Component: ARM Compiler 6.13.1 Tool: armlink [5d895400]

==============================================================================

Section Cross References

    main.o(.text.delayMS) refers to sysctl.o(.emb_text) for SysCtlDelay
    main.o(.ARM.exidx.text.delayMS) refers to main.o(.text.delayMS) for [Anonymous Symbol]
    main.o(.text.setRED) refers to interrupt.o(i.IntMasterDisable) for IntMasterDisable
    main.o(.text.setRED) refers to interrupt.o(i.IntMasterEnable) for IntMasterEnable
    main.o(.text.setRED) refers to gpio.o(i.GPIOPinWrite) for GPIOPinWrite
    main.o(.ARM.exidx.text.setRED) refers to main.o(.text.setRED) for [Anonymous Symbol]
    main.o(.text.setGREEN) refers to interrupt.o(i.IntMasterDisable) for IntMasterDisable
    main.o(.text.setGREEN) refers to interrupt.o(i.IntMasterEnable) for IntMasterEnable
    main.o(.text.setGREEN) refers to gpio.o(i.GPIOPinWrite) for GPIOPinWrite
    main.o(.ARM.exidx.text.setGREEN) refers to main.o(.text.setGREEN) for [Anonymous Symbol]
    main.o(.text.setNorthAndSouth) refers to interrupt.o(i.IntMasterDisable) for IntMasterDisable
    main.o(.text.setNorthAndSouth) refers to interrupt.o(i.IntMasterEnable) for IntMasterEnable
    main.o(.text.setNorthAndSouth) refers to gpio.o(i.GPIOPinWrite) for GPIOPinWrite
    main.o(.text.setNorthAndSouth) refers to main.o(.bss..L_MergedGlobals) for [Anonymous Symbol]
    main.o(.ARM.exidx.text.setNorthAndSouth) refers to main.o(.text.setNorthAndSouth) for [Anonymous Symbol]
    main.o(.text.setEastAndWest) refers to interrupt.o(i.IntMasterDisable) for IntMasterDisable
    main.o(.text.setEastAndWest) refers to interrupt.o(i.IntMasterEnable) for IntMasterEnable
    main.o(.text.setEastAndWest) refers to gpio.o(i.GPIOPinWrite) for GPIOPinWrite
    main.o(.text.setEastAndWest) refers to main.o(.bss..L_MergedGlobals) for [Anonymous Symbol]
    main.o(.ARM.exidx.text.setEastAndWest) refers to main.o(.text.setEastAndWest) for [Anonymous Symbol]
    main.o(.text.setupInputPins) refers to gpio.o(i.GPIOPinTypeGPIOInput) for GPIOPinTypeGPIOInput
    main.o(.text.setupInputPins) refers to gpio.o(i.GPIOPadConfigSet) for GPIOPadConfigSet
    main.o(.ARM.exidx.text.setupInputPins) refers to main.o(.text.setupInputPins) for [Anonymous Symbol]
    main.o(.text.setupOutputPins) refers to gpio.o(i.GPIOPinTypeGPIOOutput) for GPIOPinTypeGPIOOutput
    main.o(.ARM.exidx.text.setupOutputPins) refers to main.o(.text.setupOutputPins) for [Anonymous Symbol]
    main.o(.text.sysInit) refers to sysctl.o(i.SysCtlClockFreqSet) for SysCtlClockFreqSet
    main.o(.text.sysInit) refers to sysctl.o(i.SysCtlPWMClockSet) for SysCtlPWMClockSet
    main.o(.text.sysInit) refers to sysctl.o(i.SysCtlPeripheralReady) for SysCtlPeripheralReady
    main.o(.text.sysInit) refers to main.o(.bss.g_ui32SysClock) for g_ui32SysClock
    main.o(.text.sysInit) refers to sysctl.o(i.SysCtlPeripheralEnable) for SysCtlPeripheralEnable
    main.o(.ARM.exidx.text.sysInit) refers to main.o(.text.sysInit) for [Anonymous Symbol]
    main.o(.text.UARTSend) refers to uart.o(i.UARTCharPutNonBlocking) for UARTCharPutNonBlocking
    main.o(.ARM.exidx.text.UARTSend) refers to main.o(.text.UARTSend) for [Anonymous Symbol]
    main.o(.text.PWM_Init) refers to gpio.o(i.GPIOPinConfigure) for GPIOPinConfigure
    main.o(.text.PWM_Init) refers to gpio.o(i.GPIOPinTypePWM) for GPIOPinTypePWM
    main.o(.text.PWM_Init) refers to pwm.o(i.PWMGenConfigure) for PWMGenConfigure
    main.o(.text.PWM_Init) refers to pwm.o(i.PWMGenPeriodSet) for PWMGenPeriodSet
    main.o(.text.PWM_Init) refers to pwm.o(i.PWMPulseWidthSet) for PWMPulseWidthSet
    main.o(.text.PWM_Init) refers to pwm.o(i.PWMOutputState) for PWMOutputState
    main.o(.text.PWM_Init) refers to pwm.o(i.PWMGenEnable) for PWMGenEnable
    main.o(.ARM.exidx.text.PWM_Init) refers to main.o(.text.PWM_Init) for [Anonymous Symbol]
    main.o(.text.UART_Init) refers to gpio.o(i.GPIOPinConfigure) for GPIOPinConfigure
    main.o(.text.UART_Init) refers to gpio.o(i.GPIOPinTypeUART) for GPIOPinTypeUART
    main.o(.text.UART_Init) refers to uart.o(i.UARTConfigSetExpClk) for UARTConfigSetExpClk
    main.o(.text.UART_Init) refers to interrupt.o(i.IntEnable) for IntEnable
    main.o(.text.UART_Init) refers to uart.o(i.UARTIntEnable) for UARTIntEnable
    main.o(.text.UART_Init) refers to main.o(.text.UARTSend) for UARTSend
    main.o(.text.UART_Init) refers to main.o(.bss.g_ui32SysClock) for g_ui32SysClock
    main.o(.ARM.exidx.text.UART_Init) refers to main.o(.text.UART_Init) for [Anonymous Symbol]
    main.o(.text.timerStart) refers to timer.o(i.TimerConfigure) for TimerConfigure
    main.o(.text.timerStart) refers to timer.o(i.TimerLoadSet) for TimerLoadSet
    main.o(.text.timerStart) refers to timer.o(i.TimerValueGet) for TimerValueGet
    main.o(.text.timerStart) refers to timer.o(i.TimerEnable) for TimerEnable
    main.o(.text.timerStart) refers to main.o(.bss.g_ui32SysClock) for g_ui32SysClock
[...]
    .text                                    0x000002f0   Section      300  startup_tm4c129.o(.text)
    .text                                    0x0000041c   Section      138  rt_memcpy_v6.o(.text)
    .text                                    0x000004a6   Section       16  aeabi_memset4.o(.text)
    .text                                    0x000004b6   Section        0  heapauxi.o(.text)
    .text                                    0x000004bc   Section      100  rt_memcpy_w.o(.text)
    .text                                    0x00000520   Section       78  rt_memclr_w.o(.text)
    .text                                    0x0000056e   Section       74  sys_stackheap_outer.o(.text)
    .text                                    0x000005b8   Section        0  exit.o(.text)
    .text                                    0x000005cc   Section        8  libspace.o(.text)
    .text                                    0x000005d4   Section        0  sys_exit.o(.text)
    .text                                    0x000005e0   Section        2  use_no_semi.o(.text)
    .text                                    0x000005e2   Section        0  indicate_semi.o(.text)
    [Anonymous Symbol]                       0x000005e4   Section        0  main.o(.text.PWM_Init)
    __arm_cp.9_0                             0x00000630   Number         4  main.o(.text.PWM_Init)
    __arm_cp.9_1                             0x00000634   Number         4  main.o(.text.PWM_Init)
    [Anonymous Symbol]                       0x00000638   Section        0  main.o(.text.PedestrianCrossingHandler)
    __arm_cp.13_0                            0x00000674   Number         4  main.o(.text.PedestrianCrossingHandler)
    [Anonymous Symbol]                       0x00000680   Section        0  port.o(.text.PendSV_Handler)
    pxCurrentTCBConst                        0x000006e0   Number         0  port.o(.text.PendSV_Handler)
    [Anonymous Symbol]                       0x000006f0   Section        0  port.o(.text.SVC_Handler)
    pxCurrentTCBConst2                       0x00000710   Number         0  port.o(.text.SVC_Handler)
    [Anonymous Symbol]                       0x00000714   Section        0  port.o(.text.SysTick_Handler)
    [Anonymous Symbol]                       0x0000073c   Section        0  system_tm4c129.o(.text.SystemInit)
    __arm_cp.1_0                             0x00000750   Number         4  system_tm4c129.o(.text.SystemInit)
    __arm_cp.1_1                             0x00000754   Number         4  system_tm4c129.o(.text.SystemInit)
    __arm_cp.1_2                             0x00000758   Number         4  system_tm4c129.o(.text.SystemInit)
    [Anonymous Symbol]                       0x0000075c   Section        0  main.o(.text.TrainCrossingHandler)
    __arm_cp.12_2                            0x00000808   Number         4  main.o(.text.TrainCrossingHandler)
    [Anonymous Symbol]                       0x0000080c   Section        0  main.o(.text.UARTSend)
    [Anonymous Symbol]                       0x00000828   Section        0  main.o(.text.UART_Init)
    __arm_cp.10_0                            0x00000870   Number         4  main.o(.text.UART_Init)
    __arm_cp.10_1                            0x00000874   Number         4  main.o(.text.UART_Init)
    [Anonymous Symbol]                       0x00000888   Section        0  tasks.o(.text.eTaskConfirmSleepModeStatus)
    [Anonymous Symbol]                       0x000008a8   Section        0  main.o(.text.eastWest)
    __arm_cp.15_0                            0x00000904   Number         4  main.o(.text.eastWest)
    __arm_cp.15_1                            0x00000908   Number         4  main.o(.text.eastWest)
    __arm_cp.15_3                            0x00000920   Number         4  main.o(.text.eastWest)
    __arm_cp.15_4                            0x00000924   Number         4  main.o(.text.eastWest)
    [Anonymous Symbol]                       0x00000928   Section        0  main.o(.text.enableInterrupts)
    __arm_cp.14_0                            0x00000990   Number         4  main.o(.text.enableInterrupts)
    __arm_cp.14_1                            0x00000994   Number         4  main.o(.text.enableInterrupts)
    __arm_cp.14_2                            0x00000998   Number         4  main.o(.text.enableInterrupts)
    __arm_cp.14_3                            0x0000099c   Number         4  main.o(.text.enableInterrupts)
    [Anonymous Symbol]                       0x000009a0   Section        0  main.o(.text.main)
    __arm_cp.19_0                            0x00000a44   Number         4  main.o(.text.main)
    __arm_cp.19_1                            0x00000a48   Number         4  main.o(.text.main)
    __arm_cp.19_2                            0x00000a4c   Number         4  main.o(.text.main)
    __arm_cp.19_4                            0x00000a5c   Number         4  main.o(.text.main)
    __arm_cp.19_5                            0x00000a60   Number         4  main.o(.text.main)
    __arm_cp.19_7                            0x00000a70   Number         4  main.o(.text.main)
    __arm_cp.19_9                            0x00000a80   Number         4  main.o(.text.main)
    [Anonymous Symbol]                       0x00000a8c   Section        0  main.o(.text.northSouth)
    __arm_cp.16_0                            0x00000ae8   Number         4  main.o(.text.northSouth)
    __arm_cp.16_1                            0x00000aec   Number         4  main.o(.text.northSouth)
    __arm_cp.16_3                            0x00000b04   Number         4  main.o(.text.northSouth)
    __arm_cp.16_4                            0x00000b08   Number         4  main.o(.text.northSouth)
    [Anonymous Symbol]                       0x00000b0c   Section        0  main.o(.text.pedestrianMode)
    __arm_cp.17_0                            0x00000b5c   Number         4  main.o(.text.pedestrianMode)
    prvAddCurrentTaskToDelayedList           0x00000b75   Thumb Code   116  tasks.o(.text.prvAddCurrentTaskToDelayedList)
    [Anonymous Symbol]                       0x00000b74   Section        0  tasks.o(.text.prvAddCurrentTaskToDelayedList)
    __arm_cp.6_0                             0x00000be4   Number         4  tasks.o(.text.prvAddCurrentTaskToDelayedList)
    prvCopyDataToQueue                       0x00000be9   Thumb Code   112  queue.o(.text.prvCopyDataToQueue)
    [Anonymous Symbol]                       0x00000be8   Section        0  queue.o(.text.prvCopyDataToQueue)
    prvDeleteTCB                             0x00000c59   Thumb Code    20  tasks.o(.text.prvDeleteTCB)
    [Anonymous Symbol]                       0x00000c58   Section        0  tasks.o(.text.prvDeleteTCB)
    prvGetExpectedIdleTime                   0x00000c6d   Thumb Code    32  tasks.o(.text.prvGetExpectedIdleTime)
    [Anonymous Symbol]                       0x00000c6c   Section        0  tasks.o(.text.prvGetExpectedIdleTime)
    prvIdleTask                              0x00000c8d   Thumb Code   140  tasks.o(.text.prvIdleTask)
    [Anonymous Symbol]                       0x00000c8c   Section        0  tasks.o(.text.prvIdleTask)
    __arm_cp.19_1                            0x00000d10   Number         4  tasks.o(.text.prvIdleTask)
    __arm_cp.19_2                            0x00000d14   Number         4  tasks.o(.text.prvIdleTask)
    prvInsertBlockIntoFreeList               0x00000d19   Thumb Code    68  heap_4.o(.text.prvInsertBlockIntoFreeList)
    [Anonymous Symbol]                       0x00000d18   Section        0  heap_4.o(.text.prvInsertBlockIntoFreeList)
    prvIsQueueEmpty                          0x00000d5d   Thumb Code    24  queue.o(.text.prvIsQueueEmpty)
    [Anonymous Symbol]                       0x00000d5c   Section        0  queue.o(.text.prvIsQueueEmpty)
    prvNotifyQueueSetContainer               0x00000d75   Thumb Code   112  queue.o(.text.prvNotifyQueueSetContainer)
    [Anonymous Symbol]                       0x00000d74   Section        0  queue.o(.text.prvNotifyQueueSetContainer)
    prvPortStartFirstTask                    0x00000de5   Thumb Code    34  port.o(.text.prvPortStartFirstTask)
    [Anonymous Symbol]                       0x00000de4   Section        0  port.o(.text.prvPortStartFirstTask)
    prvResetNextTaskUnblockTime              0x00000e0d   Thumb Code    32  tasks.o(.text.prvResetNextTaskUnblockTime)
    [Anonymous Symbol]                       0x00000e0c   Section        0  tasks.o(.text.prvResetNextTaskUnblockTime)
    __arm_cp.3_0                             0x00000e28   Number         4  tasks.o(.text.prvResetNextTaskUnblockTime)
    prvTaskExitError                         0x00000e2d   Thumb Code    48  port.o(.text.prvTaskExitError)
    [Anonymous Symbol]                       0x00000e2c   Section        0  port.o(.text.prvTaskExitError)
    __arm_cp.1_0                             0x00000e58   Number         4  port.o(.text.prvTaskExitError)
    prvUnlockQueue                           0x00000e5d   Thumb Code   118  queue.o(.text.prvUnlockQueue)
    [Anonymous Symbol]                       0x00000e5c   Section        0  queue.o(.text.prvUnlockQueue)
    [Anonymous Symbol]                       0x00000ed4   Section        0  heap_4.o(.text.pvPortMalloc)
    __arm_cp.0_0                             0x00000ffc   Number         4  heap_4.o(.text.pvPortMalloc)
    __arm_cp.0_1                             0x00001000   Number         4  heap_4.o(.text.pvPortMalloc)
    [Anonymous Symbol]                       0x00001004   Section        0  tasks.o(.text.pvTaskIncrementMutexHeldCount)
    __arm_cp.54_0                            0x00001018   Number         4  tasks.o(.text.pvTaskIncrementMutexHeldCount)
    [Anonymous Symbol]                       0x0000101c   Section        0  port.o(.text.pxPortInitialiseStack)
    __arm_cp.0_0                             0x0000103c   Number         4  port.o(.text.pxPortInitialiseStack)
    [Anonymous Symbol]                       0x00001040   Section        0  main.o(.text.setEastAndWest)
    [Anonymous Symbol]                       0x000010a8   Section        0  main.o(.text.setGREEN)
    [Anonymous Symbol]                       0x000010dc   Section        0  main.o(.text.setNorthAndSouth)
    __arm_cp.3_0                             0x00001144   Number         4  main.o(.text.setNorthAndSouth)
    [Anonymous Symbol]                       0x00001148   Section        0  main.o(.text.setRED)
    __arm_cp.1_0                             0x00001180   Number         4  main.o(.text.setRED)
    __arm_cp.1_1                             0x00001184   Number         4  main.o(.text.setRED)
    [Anonymous Symbol]                       0x00001188   Section        0  main.o(.text.setupInputPins)
    __arm_cp.5_0                             0x000011cc   Number         4  main.o(.text.setupInputPins)
    __arm_cp.5_1                             0x000011d0   Number         4  main.o(.text.setupInputPins)
    __arm_cp.5_2                             0x000011d4   Number         4  main.o(.text.setupInputPins)
    [Anonymous Symbol]                       0x000011d8   Section        0  main.o(.text.setupOutputPins)
    __arm_cp.6_1                             0x00001234   Number         4  main.o(.text.setupOutputPins)
    [Anonymous Symbol]                       0x00001238   Section        0  main.o(.text.sysInit)
    __arm_cp.7_0                             0x000012f8   Number         4  main.o(.text.sysInit)
    __arm_cp.7_1                             0x000012fc   Number         4  main.o(.text.sysInit)
    __arm_cp.7_3                             0x00001300   Number         4  main.o(.text.sysInit)
    __arm_cp.7_4                             0x00001304   Number         4  main.o(.text.sysInit)
    __arm_cp.7_5                             0x00001308   Number         4  main.o(.text.sysInit)
    __arm_cp.7_6                             0x0000130c   Number         4  main.o(.text.sysInit)
    [Anonymous Symbol]                       0x00001310   Section        0  main.o(.text.timerStart)
    __arm_cp.11_0                            0x00001344   Number         4  main.o(.text.timerStart)
    __arm_cp.11_1                            0x00001348   Number         4  main.o(.text.timerStart)
    [Anonymous Symbol]                       0x0000134c   Section        0  main.o(.text.trainMode)
    __arm_cp.18_0                            0x000013e0   Number         4  main.o(.text.trainMode)
    __arm_cp.18_1                            0x000013e4   Number         4  main.o(.text.trainMode)
    __arm_cp.18_2                            0x000013e8   Number         4  main.o(.text.trainMode)
    [Anonymous Symbol]                       0x000013fc   Section        0  list.o(.text.uxListRemove)
    [Anonymous Symbol]                       0x0000141e   Section        0  list.o(.text.vListInitialise)
    [Anonymous Symbol]                       0x00001434   Section        0  list.o(.text.vListInitialiseItem)
    [Anonymous Symbol]                       0x0000143a   Section        0  list.o(.text.vListInsert)
    [Anonymous Symbol]                       0x00001468   Section        0  list.o(.text.vListInsertEnd)
    vPortEnableVFP                           0x00001485   Thumb Code    14  port.o(.text.vPortEnableVFP)
    [Anonymous Symbol]                       0x00001484   Section        0  port.o(.text.vPortEnableVFP)
    [Anonymous Symbol]                       0x00001498   Section        0  port.o(.text.vPortEnterCritical)
    [Anonymous Symbol]                       0x000014d0   Section        0  port.o(.text.vPortExitCritical)
    __arm_cp.9_0                             0x000014f8   Number         4  port.o(.text.vPortExitCritical)
    [Anonymous Symbol]                       0x000014fc   Section        0  heap_4.o(.text.vPortFree)
    __arm_cp.2_0                             0x00001568   Number         4  heap_4.o(.text.vPortFree)
    [Anonymous Symbol]                       0x0000156c   Section        0  port.o(.text.vPortSetupTimerInterrupt)
    __arm_cp.4_1                             0x000015a4   Number         4  port.o(.text.vPortSetupTimerInterrupt)
    [Anonymous Symbol]                       0x000015a8   Section        0  port.o(.text.vPortSuppressTicksAndSleep)
    __arm_cp.12_1                            0x000016a0   Number         4  port.o(.text.vPortSuppressTicksAndSleep)
    [Anonymous Symbol]                       0x000016a4   Section        0  port.o(.text.vPortValidateInterruptPriority)
    __arm_cp.13_0                            0x000016f0   Number         4  port.o(.text.vPortValidateInterruptPriority)
    __arm_cp.13_1                            0x000016f4   Number         4  port.o(.text.vPortValidateInterruptPriority)
    __arm_cp.13_2                            0x000016f8   Number         4  port.o(.text.vPortValidateInterruptPriority)
    [Anonymous Symbol]                       0x000016fc   Section        0  tasks.o(.text.vTaskDelayUntil)
    __arm_cp.4_1                             0x00001784   Number         4  tasks.o(.text.vTaskDelayUntil)
    [Anonymous Symbol]                       0x00001788   Section        0  tasks.o(.text.vTaskInternalSetTimeOutState)
    [Anonymous Symbol]                       0x00001794   Section        0  tasks.o(.text.vTaskMissedYield)
    [Anonymous Symbol]                       0x0000179c   Section        0  tasks.o(.text.vTaskPlaceOnEventList)
    [Anonymous Symbol]                       0x000017cc   Section        0  tasks.o(.text.vTaskPriorityDisinheritAfterTimeout)
    [Anonymous Symbol]                       0x00001874   Section        0  tasks.o(.text.vTaskStartScheduler)
    __arm_cp.18_0                            0x000018d4   Number         4  tasks.o(.text.vTaskStartScheduler)
    __arm_cp.18_1                            0x000018d8   Number         4  tasks.o(.text.vTaskStartScheduler)
    [Anonymous Symbol]                       0x000018e4   Section        0  tasks.o(.text.vTaskStepTick)
    [Anonymous Symbol]                       0x0000190c   Section        0  tasks.o(.text.vTaskSuspendAll)
    [Anonymous Symbol]                       0x00001918   Section        0  tasks.o(.text.vTaskSwitchContext)
    __arm_cp.14_0                            0x00001970   Number         4  tasks.o(.text.vTaskSwitchContext)
    __arm_cp.14_1                            0x00001974   Number         4  tasks.o(.text.vTaskSwitchContext)
    [Anonymous Symbol]                       0x00001978   Section        0  port.o(.text.xPortStartScheduler)
    __arm_cp.3_0                             0x00001a44   Number         4  port.o(.text.xPortStartScheduler)
    __arm_cp.3_1                             0x00001a48   Number         4  port.o(.text.xPortStartScheduler)
    __arm_cp.3_2                             0x00001a4c   Number         4  port.o(.text.xPortStartScheduler)
    __arm_cp.3_3                             0x00001a50   Number         4  port.o(.text.xPortStartScheduler)
    __arm_cp.3_4                             0x00001a54   Number         4  port.o(.text.xPortStartScheduler)
    __arm_cp.3_5                             0x00001a58   Number         4  port.o(.text.xPortStartScheduler)
    [Anonymous Symbol]                       0x00001a5c   Section        0  queue.o(.text.xQueueGenericCreate)
    [Anonymous Symbol]                       0x00001aac   Section        0  queue.o(.text.xQueueGenericReset)
    __arm_cp.0_0                             0x00001b24   Number         4  queue.o(.text.xQueueGenericReset)
    [Anonymous Symbol]                       0x00001b28   Section        0  queue.o(.text.xQueueGenericSend)
    __arm_cp.6_0                             0x00001cd0   Number         4  queue.o(.text.xQueueGenericSend)
    [Anonymous Symbol]                       0x00001cd4   Section        0  queue.o(.text.xQueueGiveFromISR)
    [Anonymous Symbol]                       0x00001d88   Section        0  queue.o(.text.xQueueSemaphoreTake)
    __arm_cp.8_0                             0x00001f14   Number         4  queue.o(.text.xQueueSemaphoreTake)
    [Anonymous Symbol]                       0x00001f18   Section        0  tasks.o(.text.xTaskCheckForTimeOut)
    [Anonymous Symbol]                       0x00001f98   Section        0  tasks.o(.text.xTaskCreate)
    __arm_cp.0_2                             0x0000210c   Number         4  tasks.o(.text.xTaskCreate)
    __arm_cp.0_3                             0x00002110   Number         4  tasks.o(.text.xTaskCreate)
    __arm_cp.0_4                             0x00002114   Number         4  tasks.o(.text.xTaskCreate)
    [Anonymous Symbol]                       0x00002118   Section        0  tasks.o(.text.xTaskGetSchedulerState)
    [Anonymous Symbol]                       0x00002130   Section        0  tasks.o(.text.xTaskGetTickCount)
    [Anonymous Symbol]                       0x00002138   Section        0  tasks.o(.text.xTaskIncrementTick)
    [Anonymous Symbol]                       0x0000220c   Section        0  tasks.o(.text.xTaskPriorityDisinherit)
    __arm_cp.51_0                            0x000022a8   Number         4  tasks.o(.text.xTaskPriorityDisinherit)
    [Anonymous Symbol]                       0x000022ac   Section        0  tasks.o(.text.xTaskPriorityInherit)
    [Anonymous Symbol]                       0x00002344   Section        0  tasks.o(.text.xTaskRemoveFromEventList)
    __arm_cp.35_0                            0x000023b4   Number         4  tasks.o(.text.xTaskRemoveFromEventList)
    __arm_cp.35_1                            0x000023b8   Number         4  tasks.o(.text.xTaskRemoveFromEventList)
    [Anonymous Symbol]                       0x000023bc   Section        0  tasks.o(.text.xTaskResumeAll)
    __arm_cp.7_0                             0x00002478   Number         4  tasks.o(.text.xTaskResumeAll)
    __arm_cp.7_1                             0x0000247c   Number         4  tasks.o(.text.xTaskResumeAll)
    __arm_cp.7_2                             0x00002480   Number         4  tasks.o(.text.xTaskResumeAll)
    i.GPIODirModeSet                         0x00002484   Section        0  gpio.o(i.GPIODirModeSet)
    i.GPIOIntClear                           0x000024ac   Section        0  gpio.o(i.GPIOIntClear)
    i.GPIOIntEnable                          0x000024b2   Section        0  gpio.o(i.GPIOIntEnable)
    i.GPIOIntStatus                          0x000024be   Section        0  gpio.o(i.GPIOIntStatus)
    i.GPIOIntTypeSet                         0x000024cc   Section        0  gpio.o(i.GPIOIntTypeSet)
    i.GPIOPadConfigSet                       0x0000251c   Section        0  gpio.o(i.GPIOPadConfigSet)
    i.GPIOPinConfigure                       0x00002654   Section        0  gpio.o(i.GPIOPinConfigure)
    i.GPIOPinTypeGPIOInput                   0x00002698   Section        0  gpio.o(i.GPIOPinTypeGPIOInput)
    i.GPIOPinTypeGPIOOutput                  0x000026b4   Section        0  gpio.o(i.GPIOPinTypeGPIOOutput)
    i.GPIOPinTypePWM                         0x000026d0   Section        0  gpio.o(i.GPIOPinTypePWM)
    i.GPIOPinTypeUART                        0x000026ec   Section        0  gpio.o(i.GPIOPinTypeUART)
    i.GPIOPinWrite                           0x00002708   Section        0  gpio.o(i.GPIOPinWrite)
    i.IntEnable                              0x00002710   Section        0  interrupt.o(i.IntEnable)
    i.IntMasterDisable                       0x00002774   Section        0  interrupt.o(i.IntMasterDisable)
    i.IntMasterEnable                        0x00002782   Section        0  interrupt.o(i.IntMasterEnable)
    i.IntPrioritySet                         0x00002790   Section        0  interrupt.o(i.IntPrioritySet)
    i.IntRegister                            0x000027b8   Section        0  interrupt.o(i.IntRegister)
    i.PWMGenConfigure                        0x000027ec   Section        0  pwm.o(i.PWMGenConfigure)
    i.PWMGenEnable                           0x00002812   Section        0  pwm.o(i.PWMGenEnable)
    i.PWMGenPeriodSet                        0x0000281c   Section        0  pwm.o(i.PWMGenPeriodSet)
    i.PWMOutputState                         0x0000282e   Section        0  pwm.o(i.PWMOutputState)
    i.PWMPulseWidthSet                       0x0000283e   Section        0  pwm.o(i.PWMPulseWidthSet)
    i.SysCtlClockFreqSet                     0x00002860   Section        0  sysctl.o(i.SysCtlClockFreqSet)
    i.SysCtlPWMClockSet                      0x00002b44   Section        0  sysctl.o(i.SysCtlPWMClockSet)
    i.SysCtlPeripheralEnable                 0x00002b58   Section        0  sysctl.o(i.SysCtlPeripheralEnable)
    i.SysCtlPeripheralReady                  0x00002b80   Section        0  sysctl.o(i.SysCtlPeripheralReady)
    i.TimerConfigure                         0x00002bac   Section        0  timer.o(i.TimerConfigure)
    i.TimerEnable                            0x00002c0c   Section        0  timer.o(i.TimerEnable)
    i.TimerLoadSet                           0x00002c1a   Section        0  timer.o(i.TimerLoadSet)
    i.TimerValueGet                          0x00002c2c   Section        0  timer.o(i.TimerValueGet)
    i.UARTCharPutNonBlocking                 0x00002c36   Section        0  uart.o(i.UARTCharPutNonBlocking)
    i.UARTConfigSetExpClk                    0x00002c46   Section        0  uart.o(i.UARTConfigSetExpClk)
    i.UARTIntEnable                          0x00002cb4   Section        0  uart.o(i.UARTIntEnable)
    $v0                                      0x00002cbc   Number         0  fpinit.o(x$fpl$fpinit)
    x$fpl$fpinit                             0x00002cbc   Section       26  fpinit.o(x$fpl$fpinit)
    g_ppui32GPIOIntMapBlizzard               0x00002cd8   Data         192  gpio.o(.constdata)
    .constdata                               0x00002cd8   Section      552  gpio.o(.constdata)
    g_ppui32GPIOIntMapSnowflake              0x00002d98   Data         216  gpio.o(.constdata)
    g_pui32GPIOBaseAddrs                     0x00002e70   Data         144  gpio.o(.constdata)
    g_pui32Priority                          0x00002f00   Data          32  interrupt.o(.constdata)
    .constdata                               0x00002f00   Section      268  interrupt.o(.constdata)
    g_pui32Regs                              0x00002f20   Data         156  interrupt.o(.constdata)
    g_pui32EnRegs                            0x00002fbc   Data          20  interrupt.o(.constdata)
    g_pui32Dii16Regs                         0x00002fd0   Data          20  interrupt.o(.constdata)
    g_pui32PendRegs                          0x00002fe4   Data          20  interrupt.o(.constdata)
    g_pui32UnpendRegs                        0x00002ff8   Data          20  interrupt.o(.constdata)
    g_pui32VCOFrequencies                    0x0000300c   Data           8  sysctl.o(.constdata)
    .constdata                               0x0000300c   Section      596  sysctl.o(.constdata)
    g_pui32Xtals                             0x00003014   Data         108  sysctl.o(.constdata)
    g_pppui32XTALtoVCO                       0x00003080   Data         432  sysctl.o(.constdata)
    g_sXTALtoMEMTIM                          0x00003230   Data          48  sysctl.o(.constdata)
    uxCriticalNesting                        0x20000004   Data           4  port.o(.data.uxCriticalNesting)
    [Anonymous Symbol]                       0x20000004   Section        0  port.o(.data.uxCriticalNesting)
    g_pfnRAMVectors                          0x20000400   Data         620  interrupt.o(vtable)
    vtable                                   0x20000400   Section      620  interrupt.o(vtable)
    .bss                                     0x20000670   Section       96  libspace.o(.bss)
    [Anonymous Symbol]                       0x200006d0   Section        0  main.o(.bss..L_MergedGlobals)
    ucMaxSysCallPriority                     0x200006e8   Data           1  port.o(.bss..L_MergedGlobals)
    [Anonymous Symbol]                       0x200006e8   Section        0  port.o(.bss..L_MergedGlobals)
    ulStoppedTimerCompensation               0x200006ec   Data           1  port.o(.bss..L_MergedGlobals)
    ulMaxPRIGROUPValue                       0x200006f0   Data           4  port.o(.bss..L_MergedGlobals)
    xMaximumPossibleSuppressedTicks          0x200006f4   Data           4  port.o(.bss..L_MergedGlobals)
    ulTimerCountsForOneTick                  0x200006f8   Data           4  port.o(.bss..L_MergedGlobals)
    xBlockAllocatedBit                       0x200006fc   Data           1  heap_4.o(.bss..L_MergedGlobals)
    [Anonymous Symbol]                       0x200006fc   Section        0  heap_4.o(.bss..L_MergedGlobals)
    pxEnd                                    0x20000700   Data           4  heap_4.o(.bss..L_MergedGlobals)
    xFreeBytesRemaining                      0x20000704   Data           4  heap_4.o(.bss..L_MergedGlobals)
    xMinimumEverFreeBytesRemaining           0x20000708   Data           4  heap_4.o(.bss..L_MergedGlobals)
    xStart                                   0x2000070c   Data           8  heap_4.o(.bss..L_MergedGlobals)
    [Anonymous Symbol]                       0x20000714   Section        0  tasks.o(.bss..L_MergedGlobals)
    uxTopReadyPriority                       0x20000718   Data           4  tasks.o(.bss..L_MergedGlobals)
    uxTaskNumber                             0x2000071c   Data           4  tasks.o(.bss..L_MergedGlobals)
    uxDeletedTasksWaitingCleanUp             0x20000720   Data           4  tasks.o(.bss..L_MergedGlobals)
    uxCurrentNumberOfTasks                   0x20000724   Data           4  tasks.o(.bss..L_MergedGlobals)
    xSchedulerRunning                        0x20000728   Data           4  tasks.o(.bss..L_MergedGlobals)
    uxSchedulerSuspended                     0x2000072c   Data           4  tasks.o(.bss..L_MergedGlobals)
    xTickCount                               0x20000730   Data           4  tasks.o(.bss..L_MergedGlobals)
    pxDelayedTaskList                        0x20000734   Data           4  tasks.o(.bss..L_MergedGlobals)
    pxOverflowDelayedTaskList                0x20000738   Data           4  tasks.o(.bss..L_MergedGlobals)
    xIdleTaskHandle                          0x2000073c   Data           4  tasks.o(.bss..L_MergedGlobals)
    xNextTaskUnblockTime                     0x20000740   Data           4  tasks.o(.bss..L_MergedGlobals)
    xYieldPending                            0x20000744   Data           4  tasks.o(.bss..L_MergedGlobals)
    uxPendedTicks                            0x20000748   Data           4  tasks.o(.bss..L_MergedGlobals)
    xNumOfOverflows                          0x2000074c   Data           4  tasks.o(.bss..L_MergedGlobals)
    xTasksWaitingTermination                 0x20000750   Data          20  tasks.o(.bss..L_MergedGlobals)
    xSuspendedTaskList                       0x20000764   Data          20  tasks.o(.bss..L_MergedGlobals)
    xPendingReadyList                        0x20000778   Data          20  tasks.o(.bss..L_MergedGlobals)
    xDelayedTaskList1                        0x2000078c   Data          20  tasks.o(.bss..L_MergedGlobals.1)
    [Anonymous Symbol]                       0x2000078c   Section        0  tasks.o(.bss..L_MergedGlobals.1)
    xDelayedTaskList2                        0x200007a0   Data          20  tasks.o(.bss..L_MergedGlobals.1)
    pxReadyTasksLists                        0x200007b8   Data         100  tasks.o(.bss.pxReadyTasksLists)
    [Anonymous Symbol]                       0x200007b8   Section        0  tasks.o(.bss.pxReadyTasksLists)
    ucHeap                                   0x2000081c   Data        8192  heap_4.o(.bss.ucHeap)
    [Anonymous Symbol]                       0x2000081c   Section        0  heap_4.o(.bss.ucHeap)
    Heap_Mem                                 0x20002820   Data           0  startup_tm4c129.o(HEAP)
    Stack_Mem                                0x20002820   Data         512  startup_tm4c129.o(STACK)
    HEAP                                     0x20002820   Section        0  startup_tm4c129.o(HEAP)
    STACK                                    0x20002820   Section      512  startup_tm4c129.o(STACK)
    __initial_sp                             0x20002a20   Data           0  startup_tm4c129.o(STACK)

    Global Symbols

    Symbol Name                              Value     Ov Type        Size  Object(Section)

    BuildAttributes$$THM_ISAv4$E$P$D$K$B$S$7EM$VFPi3$EXTD16$VFPS$VFMA$PE$A:L22UL41UL21$X:L11$S22US41US21$IEEE1$IW$~IW$USESV6$~STKCKD$USESV7$~SHL$OTIME$ROPI$EBA8$UX$STANDARDLIB$REQ8$PRES8$EABIv2 0x00000000   Number         0  anon$$obj.o ABSOLUTE
    __Vectors                                0x00000000   Data           4  startup_tm4c129.o(RESET)
    _printf_flags                            0x00000000   Number         0  printf_stubs.o ABSOLUTE
    _printf_return_value                     0x00000000   Number         0  printf_stubs.o ABSOLUTE
    _printf_sizespec                         0x00000000   Number         0  printf_stubs.o ABSOLUTE
    _printf_widthprec                        0x00000000   Number         0  printf_stubs.o ABSOLUTE
    __ARM_exceptions_init                     - Undefined Weak Reference
    __alloca_initialize                       - Undefined Weak Reference
    __arm_preinit_                            - Undefined Weak Reference
    __cpp_initialize__aeabi_                  - Undefined Weak Reference
    __cxa_finalize                            - Undefined Weak Reference
    __rt_locale                               - Undefined Weak Reference
    __sigvec_lookup                           - Undefined Weak Reference
    __user_heap_extent                        - Undefined Weak Reference
    _atexit_init                              - Undefined Weak Reference
    _call_atexit_fns                          - Undefined Weak Reference
    _clock_init                               - Undefined Weak Reference
    _fp_trap_init                             - Undefined Weak Reference
    _fp_trap_shutdown                         - Undefined Weak Reference
    _get_lc_collate                           - Undefined Weak Reference
    _get_lc_ctype                             - Undefined Weak Reference
    _get_lc_monetary                          - Undefined Weak Reference
    _get_lc_numeric                           - Undefined Weak Reference
    _get_lc_time                              - Undefined Weak Reference
    _getenv_init                              - Undefined Weak Reference
    _handle_redirection                       - Undefined Weak Reference
    _mutex_acquire                            - Undefined Weak Reference
    _mutex_free                               - Undefined Weak Reference
    _mutex_release                            - Undefined Weak Reference
    _printf_mbtowc                            - Undefined Weak Reference
    _printf_post_padding                      - Undefined Weak Reference
    _printf_pre_padding                       - Undefined Weak Reference
    _printf_truncate_signed                   - Undefined Weak Reference
    _printf_truncate_unsigned                 - Undefined Weak Reference
    _rand_init                                - Undefined Weak Reference
    _signal_finish                            - Undefined Weak Reference
    _signal_init                              - Undefined Weak Reference
    __Vectors_End                            0x00000200   Data           0  startup_tm4c129.o(RESET)
    __Vectors_Size                           0x00000200   Number         0  startup_tm4c129.o ABSOLUTE
    __main                                   0x00000201   Thumb Code     8  __main.o(!!!main)
    __scatterload                            0x00000209   Thumb Code     0  __scatter.o(!!!scatter)
    __scatterload_rt2                        0x00000209   Thumb Code    44  __scatter.o(!!!scatter)
    __scatterload_rt2_thumb_only             0x00000209   Thumb Code     0  __scatter.o(!!!scatter)
    __scatterload_null                       0x00000217   Thumb Code     0  __scatter.o(!!!scatter)
    __decompress                             0x0000023d   Thumb Code    58  __dczerorl.o(!!dczerorl)
    __decompress0                            0x0000023d   Thumb Code     0  __dczerorl.o(!!dczerorl)
    __scatterload_zeroinit                   0x00000279   Thumb Code    28  __scatter_zi.o(!!handler_zi)
    __rt_lib_init                            0x00000295   Thumb Code     0  libinit.o(.ARM.Collect$$libinit$$00000000)
    __rt_lib_init_fp_1                       0x00000297   Thumb Code     0  libinit2.o(.ARM.Collect$$libinit$$00000001)
    __rt_lib_init_alloca_1                   0x0000029b   Thumb Code     0  libinit2.o(.ARM.Collect$$libinit$$0000002E)
    __rt_lib_init_argv_1                     0x0000029b   Thumb Code     0  libinit2.o(.ARM.Collect$$libinit$$0000002C)
    __rt_lib_init_atexit_1                   0x0000029b   Thumb Code     0  libinit2.o(.ARM.Collect$$libinit$$0000001B)
    __rt_lib_init_clock_1                    0x0000029b   Thumb Code     0  libinit2.o(.ARM.Collect$$libinit$$00000021)
    __rt_lib_init_cpp_1                      0x0000029b   Thumb Code     0  libinit2.o(.ARM.Collect$$libinit$$00000032)
    __rt_lib_init_exceptions_1               0x0000029b   Thumb Code     0  libinit2.o(.ARM.Collect$$libinit$$00000030)
    __rt_lib_init_fp_trap_1                  0x0000029b   Thumb Code     0  libinit2.o(.ARM.Collect$$libinit$$0000001F)
    __rt_lib_init_getenv_1                   0x0000029b   Thumb Code     0  libinit2.o(.ARM.Collect$$libinit$$00000023)
    __rt_lib_init_heap_1                     0x0000029b   Thumb Code     0  libinit2.o(.ARM.Collect$$libinit$$0000000A)
    __rt_lib_init_lc_collate_1               0x0000029b   Thumb Code     0  libinit2.o(.ARM.Collect$$libinit$$00000011)
    __rt_lib_init_lc_ctype_1                 0x0000029b   Thumb Code     0  libinit2.o(.ARM.Collect$$libinit$$00000013)
    __rt_lib_init_lc_monetary_1              0x0000029b   Thumb Code     0  libinit2.o(.ARM.Collect$$libinit$$00000015)
    __rt_lib_init_lc_numeric_1               0x0000029b   Thumb Code     0  libinit2.o(.ARM.Collect$$libinit$$00000017)
    __rt_lib_init_lc_time_1                  0x0000029b   Thumb Code     0  libinit2.o(.ARM.Collect$$libinit$$00000019)
    __rt_lib_init_preinit_1                  0x0000029b   Thumb Code     0  libinit2.o(.ARM.Collect$$libinit$$00000004)
    __rt_lib_init_rand_1                     0x0000029b   Thumb Code     0  libinit2.o(.ARM.Collect$$libinit$$0000000E)
    __rt_lib_init_return                     0x0000029b   Thumb Code     0  libinit2.o(.ARM.Collect$$libinit$$00000033)
    __rt_lib_init_signal_1                   0x0000029b   Thumb Code     0  libinit2.o(.ARM.Collect$$libinit$$0000001D)
    __rt_lib_init_stdio_1                    0x0000029b   Thumb Code     0  libinit2.o(.ARM.Collect$$libinit$$00000025)
    __rt_lib_init_user_alloc_1               0x0000029b   Thumb Code     0  libinit2.o(.ARM.Collect$$libinit$$0000000C)
    __rt_lib_shutdown                        0x0000029d   Thumb Code     0  libshutdown.o(.ARM.Collect$$libshutdown$$00000000)
    __rt_lib_shutdown_cpp_1                  0x0000029f   Thumb Code     0  libshutdown2.o(.ARM.Collect$$libshutdown$$00000002)
    __rt_lib_shutdown_fp_trap_1              0x0000029f   Thumb Code     0  libshutdown2.o(.ARM.Collect$$libshutdown$$00000007)
    __rt_lib_shutdown_heap_1                 0x0000029f   Thumb Code     0  libshutdown2.o(.ARM.Collect$$libshutdown$$0000000F)
    __rt_lib_shutdown_return                 0x0000029f   Thumb Code     0  libshutdown2.o(.ARM.Collect$$libshutdown$$00000010)
    __rt_lib_shutdown_signal_1               0x0000029f   Thumb Code     0  libshutdown2.o(.ARM.Collect$$libshutdown$$0000000A)
    __rt_lib_shutdown_stdio_1                0x0000029f   Thumb Code     0  libshutdown2.o(.ARM.Collect$$libshutdown$$00000004)
    __rt_lib_shutdown_user_alloc_1           0x0000029f   Thumb Code     0  libshutdown2.o(.ARM.Collect$$libshutdown$$0000000C)
    __rt_entry                               0x000002a1   Thumb Code     0  __rtentry.o(.ARM.Collect$$rtentry$$00000000)
    __rt_entry_presh_1                       0x000002a1   Thumb Code     0  __rtentry2.o(.ARM.Collect$$rtentry$$00000002)
    __rt_entry_sh                            0x000002a1   Thumb Code     0  __rtentry4.o(.ARM.Collect$$rtentry$$00000004)
    __rt_entry_li                            0x000002a7   Thumb Code     0  __rtentry2.o(.ARM.Collect$$rtentry$$0000000A)
    __rt_entry_postsh_1                      0x000002a7   Thumb Code     0  __rtentry2.o(.ARM.Collect$$rtentry$$00000009)
    __rt_entry_main                          0x000002ab   Thumb Code     0  __rtentry2.o(.ARM.Collect$$rtentry$$0000000D)
    __rt_entry_postli_1                      0x000002ab   Thumb Code     0  __rtentry2.o(.ARM.Collect$$rtentry$$0000000C)
    __rt_exit                                0x000002b3   Thumb Code     0  rtexit.o(.ARM.Collect$$rtexit$$00000000)
    __rt_exit_ls                             0x000002b5   Thumb Code     0  rtexit2.o(.ARM.Collect$$rtexit$$00000003)
    __rt_exit_prels_1                        0x000002b5   Thumb Code     0  rtexit2.o(.ARM.Collect$$rtexit$$00000002)
    __rt_exit_exit                           0x000002b9   Thumb Code     0  rtexit2.o(.ARM.Collect$$rtexit$$00000004)
    SysCtlDelay                              0x000002c1   Thumb Code     6  sysctl.o(.emb_text)
    CPUcpsid                                 0x000002c9   Thumb Code     8  cpu.o(.emb_text)
    CPUprimask                               0x000002d1   Thumb Code     6  cpu.o(.emb_text)
    CPUcpsie                                 0x000002d7   Thumb Code     8  cpu.o(.emb_text)
    CPUwfi                                   0x000002df   Thumb Code     4  cpu.o(.emb_text)
    CPUbasepriSet                            0x000002e3   Thumb Code     6  cpu.o(.emb_text)
    CPUbasepriGet                            0x000002e9   Thumb Code     6  cpu.o(.emb_text)
    Reset_Handler                            0x000002f1   Thumb Code     8  startup_tm4c129.o(.text)
    NMI_Handler                              0x000002f9   Thumb Code     2  startup_tm4c129.o(.text)
    HardFault_Handler                        0x000002fb   Thumb Code     2  startup_tm4c129.o(.text)
    MemManage_Handler                        0x000002fd   Thumb Code     2  startup_tm4c129.o(.text)
    BusFault_Handler                         0x000002ff   Thumb Code     2  startup_tm4c129.o(.text)
    UsageFault_Handler                       0x00000301   Thumb Code     2  startup_tm4c129.o(.text)
    DebugMon_Handler                         0x00000305   Thumb Code     2  startup_tm4c129.o(.text)
    GPIOA_Handler                            0x0000030b   Thumb Code     2  startup_tm4c129.o(.text)
    GPIOB_Handler                            0x0000030d   Thumb Code     2  startup_tm4c129.o(.text)
    GPIOC_Handler                            0x0000030f   Thumb Code     2  startup_tm4c129.o(.text)
    GPIOD_Handler                            0x00000311   Thumb Code     2  startup_tm4c129.o(.text)
    GPIOE_Handler                            0x00000313   Thumb Code     2  startup_tm4c129.o(.text)
    UART0_Handler                            0x00000315   Thumb Code     2  startup_tm4c129.o(.text)
    UART1_Handler                            0x00000317   Thumb Code     2  startup_tm4c129.o(.text)
    SSI0_Handler                             0x00000319   Thumb Code     2  startup_tm4c129.o(.text)
    I2C0_Handler                             0x0000031b   Thumb Code     2  startup_tm4c129.o(.text)
    PMW0_FAULT_Handler                       0x0000031d   Thumb Code     2  startup_tm4c129.o(.text)
    PWM0_0_Handler                           0x0000031f   Thumb Code     2  startup_tm4c129.o(.text)
    PWM0_1_Handler                           0x00000321   Thumb Code     2  startup_tm4c129.o(.text)
    PWM0_2_Handler                           0x00000323   Thumb Code     2  startup_tm4c129.o(.text)
    QEI0_Handler                             0x00000325   Thumb Code     2  startup_tm4c129.o(.text)
    ADC0SS0_Handler                          0x00000327   Thumb Code     2  startup_tm4c129.o(.text)
    ADC0SS1_Handler                          0x00000329   Thumb Code     2  startup_tm4c129.o(.text)
    ADC0SS2_Handler                          0x0000032b   Thumb Code     2  startup_tm4c129.o(.text)
    ADC0SS3_Handler                          0x0000032d   Thumb Code     2  startup_tm4c129.o(.text)
    WDT0_Handler                             0x0000032f   Thumb Code     2  startup_tm4c129.o(.text)
    TIMER0A_Handler                          0x00000331   Thumb Code     2  startup_tm4c129.o(.text)
    TIMER0B_Handler                          0x00000333   Thumb Code     2  startup_tm4c129.o(.text)
    TIMER1A_Handler                          0x00000335   Thumb Code     2  startup_tm4c129.o(.text)
    TIMER1B_Handler                          0x00000337   Thumb Code     2  startup_tm4c129.o(.text)
    TIMER2A_Handler                          0x00000339   Thumb Code     2  startup_tm4c129.o(.text)
    TIMER2B_Handler                          0x0000033b   Thumb Code     2  startup_tm4c129.o(.text)
    COMP0_Handler                            0x0000033d   Thumb Code     2  startup_tm4c129.o(.text)
    COMP1_Handler                            0x0000033f   Thumb Code     2  startup_tm4c129.o(.text)
    COMP2_Handler                            0x00000341   Thumb Code     2  startup_tm4c129.o(.text)
    SYSCTL_Handler                           0x00000343   Thumb Code     2  startup_tm4c129.o(.text)
    FLASH_Handler                            0x00000345   Thumb Code     2  startup_tm4c129.o(.text)
    GPIOF_Handler                            0x00000347   Thumb Code     2  startup_tm4c129.o(.text)
    GPIOG_Handler                            0x00000349   Thumb Code     2  startup_tm4c129.o(.text)
    GPIOH_Handler                            0x0000034b   Thumb Code     2  startup_tm4c129.o(.text)
    UART2_Handler                            0x0000034d   Thumb Code     2  startup_tm4c129.o(.text)
    SSI1_Handler                             0x0000034f   Thumb Code     2  startup_tm4c129.o(.text)
    TIMER3A_Handler                          0x00000351   Thumb Code     2  startup_tm4c129.o(.text)
    TIMER3B_Handler                          0x00000353   Thumb Code     2  startup_tm4c129.o(.text)
    I2C1_Handler                             0x00000355   Thumb Code     2  startup_tm4c129.o(.text)
    CAN0_Handler                             0x00000357   Thumb Code     2  startup_tm4c129.o(.text)
    CAN1_Handler                             0x00000359   Thumb Code     2  startup_tm4c129.o(.text)
    ETH_Handler                              0x0000035b   Thumb Code     2  startup_tm4c129.o(.text)
    HIB_Handler                              0x0000035d   Thumb Code     2  startup_tm4c129.o(.text)
    USB0_Handler                             0x0000035f   Thumb Code     2  startup_tm4c129.o(.text)
    PWM0_3_Handler                           0x00000361   Thumb Code     2  startup_tm4c129.o(.text)
    UDMA_Handler                             0x00000363   Thumb Code     2  startup_tm4c129.o(.text)
    UDMAERR_Handler                          0x00000365   Thumb Code     2  startup_tm4c129.o(.text)
    ADC1SS0_Handler                          0x00000367   Thumb Code     2  startup_tm4c129.o(.text)
    ADC1SS1_Handler                          0x00000369   Thumb Code     2  startup_tm4c129.o(.text)
    ADC1SS2_Handler                          0x0000036b   Thumb Code     2  startup_tm4c129.o(.text)
    ADC1SS3_Handler                          0x0000036d   Thumb Code     2  startup_tm4c129.o(.text)
    EBI0_Handler                             0x0000036f   Thumb Code     2  startup_tm4c129.o(.text)
    GPIOJ_Handler                            0x00000371   Thumb Code     2  startup_tm4c129.o(.text)
    GPIOK_Handler                            0x00000373   Thumb Code     2  startup_tm4c129.o(.text)
    GPIOL_Handler                            0x00000375   Thumb Code     2  startup_tm4c129.o(.text)
    SSI2_Handler                             0x00000377   Thumb Code     2  startup_tm4c129.o(.text)
    SSI3_Handler                             0x00000379   Thumb Code     2  startup_tm4c129.o(.text)
    UART3_Handler                            0x0000037b   Thumb Code     2  startup_tm4c129.o(.text)
    UART4_Handler                            0x0000037d   Thumb Code     2  startup_tm4c129.o(.text)
    UART5_Handler                            0x0000037f   Thumb Code     2  startup_tm4c129.o(.text)
    UART6_Handler                            0x00000381   Thumb Code     2  startup_tm4c129.o(.text)
    UART7_Handler                            0x00000383   Thumb Code     2  startup_tm4c129.o(.text)
    I2C2_Handler                             0x00000385   Thumb Code     2  startup_tm4c129.o(.text)
    I2C3_Handler                             0x00000387   Thumb Code     2  startup_tm4c129.o(.text)
    TIMER4A_Handler                          0x00000389   Thumb Code     2  startup_tm4c129.o(.text)
    TIMER4B_Handler                          0x0000038b   Thumb Code     2  startup_tm4c129.o(.text)
    TIMER5A_Handler                          0x0000038d   Thumb Code     2  startup_tm4c129.o(.text)
    TIMER5B_Handler                          0x0000038f   Thumb Code     2  startup_tm4c129.o(.text)
    WTIMER0A_Handler                         0x00000391   Thumb Code     2  startup_tm4c129.o(.text)
    WTIMER0B_Handler                         0x00000393   Thumb Code     2  startup_tm4c129.o(.text)
    WTIMER1A_Handler                         0x00000395   Thumb Code     2  startup_tm4c129.o(.text)
    WTIMER1B_Handler                         0x00000397   Thumb Code     2  startup_tm4c129.o(.text)
    WTIMER2A_Handler                         0x00000399   Thumb Code     2  startup_tm4c129.o(.text)
    WTIMER2B_Handler                         0x0000039b   Thumb Code     2  startup_tm4c129.o(.text)
    WTIMER3A_Handler                         0x0000039d   Thumb Code     2  startup_tm4c129.o(.text)
    WTIMER3B_Handler                         0x0000039f   Thumb Code     2  startup_tm4c129.o(.text)
    WTIMER4A_Handler                         0x000003a1   Thumb Code     2  startup_tm4c129.o(.text)
    WTIMER4B_Handler                         0x000003a3   Thumb Code     2  startup_tm4c129.o(.text)
    WTIMER5A_Handler                         0x000003a5   Thumb Code     2  startup_tm4c129.o(.text)
    WTIMER5B_Handler                         0x000003a7   Thumb Code     2  startup_tm4c129.o(.text)
    FPU_Handler                              0x000003a9   Thumb Code     2  startup_tm4c129.o(.text)
    I2C4_Handler                             0x000003ab   Thumb Code     2  startup_tm4c129.o(.text)
    I2C5_Handler                             0x000003ad   Thumb Code     2  startup_tm4c129.o(.text)
    GPIOM_Handler                            0x000003af   Thumb Code     2  startup_tm4c129.o(.text)
    GPION_Handler                            0x000003b1   Thumb Code     2  startup_tm4c129.o(.text)
    TAMPER_Handler                           0x000003b3   Thumb Code     2  startup_tm4c129.o(.text)
    GPIOP0_Handler                           0x000003b5   Thumb Code     2  startup_tm4c129.o(.text)
    GPIOP1_Handler                           0x000003b7   Thumb Code     2  startup_tm4c129.o(.text)
    GPIOP2_Handler                           0x000003b9   Thumb Code     2  startup_tm4c129.o(.text)
    GPIOP3_Handler                           0x000003bb   Thumb Code     2  startup_tm4c129.o(.text)
    GPIOP4_Handler                           0x000003bd   Thumb Code     2  startup_tm4c129.o(.text)
    GPIOP5_Handler                           0x000003bf   Thumb Code     2  startup_tm4c129.o(.text)
    GPIOP6_Handler                           0x000003c1   Thumb Code     2  startup_tm4c129.o(.text)
    GPIOP7_Handler                           0x000003c3   Thumb Code     2  startup_tm4c129.o(.text)
    GPIOQ0_Handler                           0x000003c5   Thumb Code     2  startup_tm4c129.o(.text)
    GPIOQ1_Handler                           0x000003c7   Thumb Code     2  startup_tm4c129.o(.text)
    GPIOQ2_Handler                           0x000003c9   Thumb Code     2  startup_tm4c129.o(.text)
    GPIOQ3_Handler                           0x000003cb   Thumb Code     2  startup_tm4c129.o(.text)
    GPIOQ4_Handler                           0x000003cd   Thumb Code     2  startup_tm4c129.o(.text)
    GPIOQ5_Handler                           0x000003cf   Thumb Code     2  startup_tm4c129.o(.text)
    GPIOQ6_Handler                           0x000003d1   Thumb Code     2  startup_tm4c129.o(.text)
    GPIOQ7_Handler                           0x000003d3   Thumb Code     2  startup_tm4c129.o(.text)
    GPIOR_Handler                            0x000003d5   Thumb Code     2  startup_tm4c129.o(.text)
    GPIOS_Handler                            0x000003d7   Thumb Code     2  startup_tm4c129.o(.text)
    SHAMD5_Handler                           0x000003d9   Thumb Code     2  startup_tm4c129.o(.text)
    AES_Handler                              0x000003db   Thumb Code     2  startup_tm4c129.o(.text)
    DES3DES_Handler                          0x000003dd   Thumb Code     2  startup_tm4c129.o(.text)
    LCDCONTROLLER_Handler                    0x000003df   Thumb Code     2  startup_tm4c129.o(.text)
    TIMER6A_Handler                          0x000003e1   Thumb Code     2  startup_tm4c129.o(.text)
    TIMER6B_Handler                          0x000003e3   Thumb Code     2  startup_tm4c129.o(.text)
    TIMER7A_Handler                          0x000003e5   Thumb Code     2  startup_tm4c129.o(.text)
    TIMER7B_Handler                          0x000003e7   Thumb Code     2  startup_tm4c129.o(.text)
    I2C6_Handler                             0x000003e9   Thumb Code     2  startup_tm4c129.o(.text)
    I2C7_Handler                             0x000003eb   Thumb Code     2  startup_tm4c129.o(.text)
    HIMSCANKEYBOARD_Handler                  0x000003ed   Thumb Code     2  startup_tm4c129.o(.text)
    ONEWIRE_Handler                          0x000003ef   Thumb Code     2  startup_tm4c129.o(.text)
    HIMPS2_Handler                           0x000003f1   Thumb Code     2  startup_tm4c129.o(.text)
    HIMLEDSEQUENCER_Handler                  0x000003f3   Thumb Code     2  startup_tm4c129.o(.text)
    HIMCONSUMERIR_Handler                    0x000003f5   Thumb Code     2  startup_tm4c129.o(.text)
    I2C8_Handler                             0x000003f7   Thumb Code     2  startup_tm4c129.o(.text)
    I2C9_Handler                             0x000003f9   Thumb Code     2  startup_tm4c129.o(.text)
    GPIOT_Handler                            0x000003fb   Thumb Code     2  startup_tm4c129.o(.text)
    __user_initial_stackheap                 0x000003fd   Thumb Code     0  startup_tm4c129.o(.text)
    __aeabi_memcpy                           0x0000041d   Thumb Code     0  rt_memcpy_v6.o(.text)
    __rt_memcpy                              0x0000041d   Thumb Code   138  rt_memcpy_v6.o(.text)
    _memcpy_lastbytes                        0x00000483   Thumb Code     0  rt_memcpy_v6.o(.text)
    __aeabi_memset4                          0x000004a7   Thumb Code    16  aeabi_memset4.o(.text)
    __aeabi_memset8                          0x000004a7   Thumb Code     0  aeabi_memset4.o(.text)
    __use_two_region_memory                  0x000004b7   Thumb Code     2  heapauxi.o(.text)
    __rt_heap_escrow                         0x000004b9   Thumb Code     2  heapauxi.o(.text)
    __rt_heap_expand                         0x000004bb   Thumb Code     2  heapauxi.o(.text)
    __aeabi_memcpy4                          0x000004bd   Thumb Code     0  rt_memcpy_w.o(.text)
    __aeabi_memcpy8                          0x000004bd   Thumb Code     0  rt_memcpy_w.o(.text)
    __rt_memcpy_w                            0x000004bd   Thumb Code   100  rt_memcpy_w.o(.text)
    _memcpy_lastbytes_aligned                0x00000505   Thumb Code     0  rt_memcpy_w.o(.text)
    __aeabi_memclr4                          0x00000521   Thumb Code     0  rt_memclr_w.o(.text)
    __aeabi_memclr8                          0x00000521   Thumb Code     0  rt_memclr_w.o(.text)
    __rt_memclr_w                            0x00000521   Thumb Code    78  rt_memclr_w.o(.text)
    _memset_w                                0x00000525   Thumb Code     0  rt_memclr_w.o(.text)
    __user_setup_stackheap                   0x0000056f   Thumb Code    74  sys_stackheap_outer.o(.text)
    exit                                     0x000005b9   Thumb Code    18  exit.o(.text)
    __user_libspace                          0x000005cd   Thumb Code     8  libspace.o(.text)
    __user_perproc_libspace                  0x000005cd   Thumb Code     0  libspace.o(.text)
    __user_perthread_libspace                0x000005cd   Thumb Code     0  libspace.o(.text)
    _sys_exit                                0x000005d5   Thumb Code     8  sys_exit.o(.text)
    __I$use$semihosting                      0x000005e1   Thumb Code     0  use_no_semi.o(.text)
    __use_no_semihosting_swi                 0x000005e1   Thumb Code     2  use_no_semi.o(.text)
    __semihosting_library_function           0x000005e3   Thumb Code     0  indicate_semi.o(.text)
    PWM_Init                                 0x000005e5   Thumb Code    84  main.o(.text.PWM_Init)
    PedestrianCrossingHandler                0x00000639   Thumb Code    64  main.o(.text.PedestrianCrossingHandler)
    PendSV_Handler                           0x00000681   Thumb Code   100  port.o(.text.PendSV_Handler)
    SVC_Handler                              0x000006f1   Thumb Code    36  port.o(.text.SVC_Handler)
    SysTick_Handler                          0x00000715   Thumb Code    40  port.o(.text.SysTick_Handler)
    SystemInit                               0x0000073d   Thumb Code    32  system_tm4c129.o(.text.SystemInit)
    TrainCrossingHandler                     0x0000075d   Thumb Code   176  main.o(.text.TrainCrossingHandler)
    UARTSend                                 0x0000080d   Thumb Code    28  main.o(.text.UARTSend)
    UART_Init                                0x00000829   Thumb Code    96  main.o(.text.UART_Init)
    eTaskConfirmSleepModeStatus              0x00000889   Thumb Code    32  tasks.o(.text.eTaskConfirmSleepModeStatus)
    eastWest                                 0x000008a9   Thumb Code   128  main.o(.text.eastWest)
    enableInterrupts                         0x00000929   Thumb Code   120  main.o(.text.enableInterrupts)
    main                                     0x000009a1   Thumb Code   236  main.o(.text.main)
    northSouth                               0x00000a8d   Thumb Code   128  main.o(.text.northSouth)
    pedestrianMode                           0x00000b0d   Thumb Code   104  main.o(.text.pedestrianMode)
    pvPortMalloc                             0x00000ed5   Thumb Code   304  heap_4.o(.text.pvPortMalloc)
    pvTaskIncrementMutexHeldCount            0x00001005   Thumb Code    24  tasks.o(.text.pvTaskIncrementMutexHeldCount)
    pxPortInitialiseStack                    0x0000101d   Thumb Code    36  port.o(.text.pxPortInitialiseStack)
    setEastAndWest                           0x00001041   Thumb Code   104  main.o(.text.setEastAndWest)
    setGREEN                                 0x000010a9   Thumb Code    52  main.o(.text.setGREEN)
    setNorthAndSouth                         0x000010dd   Thumb Code   108  main.o(.text.setNorthAndSouth)
    setRED                                   0x00001149   Thumb Code    64  main.o(.text.setRED)
    setupInputPins                           0x00001189   Thumb Code    80  main.o(.text.setupInputPins)
    setupOutputPins                          0x000011d9   Thumb Code    96  main.o(.text.setupOutputPins)
    sysInit                                  0x00001239   Thumb Code   216  main.o(.text.sysInit)
    timerStart                               0x00001311   Thumb Code    60  main.o(.text.timerStart)
    trainMode                                0x0000134d   Thumb Code   176  main.o(.text.trainMode)
    uxListRemove                             0x000013fd   Thumb Code    34  list.o(.text.uxListRemove)
    vListInitialise                          0x0000141f   Thumb Code    22  list.o(.text.vListInitialise)
    vListInitialiseItem                      0x00001435   Thumb Code     6  list.o(.text.vListInitialiseItem)
    vListInsert                              0x0000143b   Thumb Code    46  list.o(.text.vListInsert)
    vListInsertEnd                           0x00001469   Thumb Code    26  list.o(.text.vListInsertEnd)
    vPortEnterCritical                       0x00001499   Thumb Code    56  port.o(.text.vPortEnterCritical)
    vPortExitCritical                        0x000014d1   Thumb Code    44  port.o(.text.vPortExitCritical)
    vPortFree                                0x000014fd   Thumb Code   112  heap_4.o(.text.vPortFree)
    vPortSetupTimerInterrupt                 0x0000156d   Thumb Code    60  port.o(.text.vPortSetupTimerInterrupt)
    vPortSuppressTicksAndSleep               0x000015a9   Thumb Code   252  port.o(.text.vPortSuppressTicksAndSleep)
    vPortValidateInterruptPriority           0x000016a5   Thumb Code    88  port.o(.text.vPortValidateInterruptPriority)
    vTaskDelayUntil                          0x000016fd   Thumb Code   140  tasks.o(.text.vTaskDelayUntil)
    vTaskInternalSetTimeOutState             0x00001789   Thumb Code    12  tasks.o(.text.vTaskInternalSetTimeOutState)
    vTaskMissedYield                         0x00001795   Thumb Code     8  tasks.o(.text.vTaskMissedYield)
    vTaskPlaceOnEventList                    0x0000179d   Thumb Code    48  tasks.o(.text.vTaskPlaceOnEventList)
    vTaskPriorityDisinheritAfterTimeout      0x000017cd   Thumb Code   168  tasks.o(.text.vTaskPriorityDisinheritAfterTimeout)
    vTaskStartScheduler                      0x00001875   Thumb Code   112  tasks.o(.text.vTaskStartScheduler)
    vTaskStepTick                            0x000018e5   Thumb Code    40  tasks.o(.text.vTaskStepTick)
    vTaskSuspendAll                          0x0000190d   Thumb Code    12  tasks.o(.text.vTaskSuspendAll)
    vTaskSwitchContext                       0x00001919   Thumb Code    96  tasks.o(.text.vTaskSwitchContext)
    xPortStartScheduler                      0x00001979   Thumb Code   228  port.o(.text.xPortStartScheduler)
    xQueueGenericCreate                      0x00001a5d   Thumb Code    80  queue.o(.text.xQueueGenericCreate)
    xQueueGenericReset                       0x00001aad   Thumb Code   124  queue.o(.text.xQueueGenericReset)
    xQueueGenericSend                        0x00001b29   Thumb Code   428  queue.o(.text.xQueueGenericSend)
    xQueueGiveFromISR                        0x00001cd5   Thumb Code   180  queue.o(.text.xQueueGiveFromISR)
    xQueueSemaphoreTake                      0x00001d89   Thumb Code   400  queue.o(.text.xQueueSemaphoreTake)
    xTaskCheckForTimeOut                     0x00001f19   Thumb Code   128  tasks.o(.text.xTaskCheckForTimeOut)
    xTaskCreate                              0x00001f99   Thumb Code   384  tasks.o(.text.xTaskCreate)
    xTaskGetSchedulerState                   0x00002119   Thumb Code    24  tasks.o(.text.xTaskGetSchedulerState)
    xTaskGetTickCount                        0x00002131   Thumb Code     8  tasks.o(.text.xTaskGetTickCount)
    xTaskIncrementTick                       0x00002139   Thumb Code   212  tasks.o(.text.xTaskIncrementTick)
    xTaskPriorityDisinherit                  0x0000220d   Thumb Code   160  tasks.o(.text.xTaskPriorityDisinherit)
    xTaskPriorityInherit                     0x000022ad   Thumb Code   152  tasks.o(.text.xTaskPriorityInherit)
    xTaskRemoveFromEventList                 0x00002345   Thumb Code   120  tasks.o(.text.xTaskRemoveFromEventList)
    xTaskResumeAll                           0x000023bd   Thumb Code   200  tasks.o(.text.xTaskResumeAll)
    GPIODirModeSet                           0x00002485   Thumb Code    40  gpio.o(i.GPIODirModeSet)
    GPIOIntClear                             0x000024ad   Thumb Code     6  gpio.o(i.GPIOIntClear)
    GPIOIntEnable                            0x000024b3   Thumb Code    12  gpio.o(i.GPIOIntEnable)
    GPIOIntStatus                            0x000024bf   Thumb Code    14  gpio.o(i.GPIOIntStatus)
    GPIOIntTypeSet                           0x000024cd   Thumb Code    80  gpio.o(i.GPIOIntTypeSet)
    GPIOPadConfigSet                         0x0000251d   Thumb Code   312  gpio.o(i.GPIOPadConfigSet)
    GPIOPinConfigure                         0x00002655   Thumb Code    60  gpio.o(i.GPIOPinConfigure)
    GPIOPinTypeGPIOInput                     0x00002699   Thumb Code    28  gpio.o(i.GPIOPinTypeGPIOInput)
    GPIOPinTypeGPIOOutput                    0x000026b5   Thumb Code    28  gpio.o(i.GPIOPinTypeGPIOOutput)
    GPIOPinTypePWM                           0x000026d1   Thumb Code    28  gpio.o(i.GPIOPinTypePWM)
    GPIOPinTypeUART                          0x000026ed   Thumb Code    28  gpio.o(i.GPIOPinTypeUART)
    GPIOPinWrite                             0x00002709   Thumb Code     6  gpio.o(i.GPIOPinWrite)
    IntEnable                                0x00002711   Thumb Code    92  interrupt.o(i.IntEnable)
    IntMasterDisable                         0x00002775   Thumb Code    14  interrupt.o(i.IntMasterDisable)
    IntMasterEnable                          0x00002783   Thumb Code    14  interrupt.o(i.IntMasterEnable)
    IntPrioritySet                           0x00002791   Thumb Code    36  interrupt.o(i.IntPrioritySet)
    IntRegister                              0x000027b9   Thumb Code    44  interrupt.o(i.IntRegister)
    PWMGenConfigure                          0x000027ed   Thumb Code    38  pwm.o(i.PWMGenConfigure)
    PWMGenEnable                             0x00002813   Thumb Code    10  pwm.o(i.PWMGenEnable)
    PWMGenPeriodSet                          0x0000281d   Thumb Code    18  pwm.o(i.PWMGenPeriodSet)
    PWMOutputState                           0x0000282f   Thumb Code    16  pwm.o(i.PWMOutputState)
    PWMPulseWidthSet                         0x0000283f   Thumb Code    32  pwm.o(i.PWMPulseWidthSet)
    SysCtlClockFreqSet                       0x00002861   Thumb Code   700  sysctl.o(i.SysCtlClockFreqSet)
    SysCtlPWMClockSet                        0x00002b45   Thumb Code    14  sysctl.o(i.SysCtlPWMClockSet)
    SysCtlPeripheralEnable                   0x00002b59   Thumb Code    36  sysctl.o(i.SysCtlPeripheralEnable)
    SysCtlPeripheralReady                    0x00002b81   Thumb Code    40  sysctl.o(i.SysCtlPeripheralReady)
    TimerConfigure                           0x00002bad   Thumb Code    88  timer.o(i.TimerConfigure)
    TimerEnable                              0x00002c0d   Thumb Code    14  timer.o(i.TimerEnable)
    TimerLoadSet                             0x00002c1b   Thumb Code    18  timer.o(i.TimerLoadSet)
    TimerValueGet                            0x00002c2d   Thumb Code    10  timer.o(i.TimerValueGet)
    UARTCharPutNonBlocking                   0x00002c37   Thumb Code    16  uart.o(i.UARTCharPutNonBlocking)
    UARTConfigSetExpClk                      0x00002c47   Thumb Code   110  uart.o(i.UARTConfigSetExpClk)
    UARTIntEnable                            0x00002cb5   Thumb Code     8  uart.o(i.UARTIntEnable)
    _fp_init                                 0x00002cbd   Thumb Code    26  fpinit.o(x$fpl$fpinit)
    __fplib_config_fpu_vfp                   0x00002cd5   Thumb Code     0  fpinit.o(x$fpl$fpinit)
    __fplib_config_pureend_doubles           0x00002cd5   Thumb Code     0  fpinit.o(x$fpl$fpinit)
    Region$$Table$$Base                      0x00003260   Number         0  anon$$obj.o(Region$$Table)
    Region$$Table$$Limit                     0x00003280   Number         0  anon$$obj.o(Region$$Table)
    SystemCoreClock                          0x20000000   Data           4  system_tm4c129.o(.data.SystemCoreClock)
    __libspace_start                         0x20000670   Data          96  libspace.o(.bss)
    __temporary_stack_top$libspace           0x200006d0   Data           0  libspace.o(.bss)
    globalStateOfNorthAndSouth               0x200006d0   Data           1  main.o(.bss..L_MergedGlobals)
    globalStateOfEastAndWest                 0x200006d1   Data           1  main.o(.bss..L_MergedGlobals)
    trainFlag                                0x200006d4   Data           4  main.o(.bss..L_MergedGlobals)
    trainSource                              0x200006d8   Data           4  main.o(.bss..L_MergedGlobals)
    xTrainSemaphore                          0x200006dc   Data           4  main.o(.bss..L_MergedGlobals)
    xPedestrianSemaphore                     0x200006e0   Data           4  main.o(.bss..L_MergedGlobals)
    xNormalSemaphore                         0x200006e4   Data           4  main.o(.bss..L_MergedGlobals)
    pxCurrentTCB                             0x20000714   Data           4  tasks.o(.bss..L_MergedGlobals)
    g_ui32SysClock                           0x200007b4   Data           4  main.o(.bss.g_ui32SysClock)



==============================================================================

Memory Map of the image

  Image Entry point : 0x000002f1

  Load Region LR_1 (Base: 0x00000000, Size: 0x00003a6c, Max: 0xffffffff, ABSOLUTE, COMPRESSED[0x00003418])

    Execution Region ER_RO (Exec base: 0x00000000, Load base: 0x00000000, Size: 0x00003280, Max: 0xffffffff, ABSOLUTE)

    Exec Addr    Load Addr    Size         Type   Attr      Idx    E Section Name        Object

    0x00000000   0x00000000   0x00000200   Data   RO           70    RESET               startup_tm4c129.o
    0x00000200   0x00000200   0x00000008   Code   RO         2006  * !!!main             c_w.l(__main.o)
    0x00000208   0x00000208   0x00000034   Code   RO         2337    !!!scatter          c_w.l(__scatter.o)
    0x0000023c   0x0000023c   0x0000003a   Code   RO         2335    !!dczerorl          c_w.l(__dczerorl.o)
    0x00000276   0x00000276   0x00000002   PAD
    0x00000278   0x00000278   0x0000001c   Code   RO         2339    !!handler_zi        c_w.l(__scatter_zi.o)
    0x00000294   0x00000294   0x00000002   Code   RO         2138    .ARM.Collect$$libinit$$00000000  c_w.l(libinit.o)
    0x00000296   0x00000296   0x00000004   Code   RO         2139    .ARM.Collect$$libinit$$00000001  c_w.l(libinit2.o)
    0x0000029a   0x0000029a   0x00000000   Code   RO         2142    .ARM.Collect$$libinit$$00000004  c_w.l(libinit2.o)
    0x0000029a   0x0000029a   0x00000000   Code   RO         2145    .ARM.Collect$$libinit$$0000000A  c_w.l(libinit2.o)
    0x0000029a   0x0000029a   0x00000000   Code   RO         2147    .ARM.Collect$$libinit$$0000000C  c_w.l(libinit2.o)
    0x0000029a   0x0000029a   0x00000000   Code   RO         2149    .ARM.Collect$$libinit$$0000000E  c_w.l(libinit2.o)
    0x0000029a   0x0000029a   0x00000000   Code   RO         2152    .ARM.Collect$$libinit$$00000011  c_w.l(libinit2.o)
    0x0000029a   0x0000029a   0x00000000   Code   RO         2154    .ARM.Collect$$libinit$$00000013  c_w.l(libinit2.o)
    0x0000029a   0x0000029a   0x00000000   Code   RO         2156    .ARM.Collect$$libinit$$00000015  c_w.l(libinit2.o)
    0x0000029a   0x0000029a   0x00000000   Code   RO         2158    .ARM.Collect$$libinit$$00000017  c_w.l(libinit2.o)
    0x0000029a   0x0000029a   0x00000000   Code   RO         2160    .ARM.Collect$$libinit$$00000019  c_w.l(libinit2.o)
    0x0000029a   0x0000029a   0x00000000   Code   RO         2162    .ARM.Collect$$libinit$$0000001B  c_w.l(libinit2.o)
    0x0000029a   0x0000029a   0x00000000   Code   RO         2164    .ARM.Collect$$libinit$$0000001D  c_w.l(libinit2.o)
    0x0000029a   0x0000029a   0x00000000   Code   RO         2166    .ARM.Collect$$libinit$$0000001F  c_w.l(libinit2.o)
    0x0000029a   0x0000029a   0x00000000   Code   RO         2168    .ARM.Collect$$libinit$$00000021  c_w.l(libinit2.o)
    0x0000029a   0x0000029a   0x00000000   Code   RO         2170    .ARM.Collect$$libinit$$00000023  c_w.l(libinit2.o)
    0x0000029a   0x0000029a   0x00000000   Code   RO         2172    .ARM.Collect$$libinit$$00000025  c_w.l(libinit2.o)
    0x0000029a   0x0000029a   0x00000000   Code   RO         2176    .ARM.Collect$$libinit$$0000002C  c_w.l(libinit2.o)
    0x0000029a   0x0000029a   0x00000000   Code   RO         2178    .ARM.Collect$$libinit$$0000002E  c_w.l(libinit2.o)
    0x0000029a   0x0000029a   0x00000000   Code   RO         2180    .ARM.Collect$$libinit$$00000030  c_w.l(libinit2.o)
    0x0000029a   0x0000029a   0x00000000   Code   RO         2182    .ARM.Collect$$libinit$$00000032  c_w.l(libinit2.o)
    0x0000029a   0x0000029a   0x00000002   Code   RO         2183    .ARM.Collect$$libinit$$00000033  c_w.l(libinit2.o)
    0x0000029c   0x0000029c   0x00000002   Code   RO         2314    .ARM.Collect$$libshutdown$$00000000  c_w.l(libshutdown.o)
    0x0000029e   0x0000029e   0x00000000   Code   RO         2185    .ARM.Collect$$libshutdown$$00000002  c_w.l(libshutdown2.o)
    0x0000029e   0x0000029e   0x00000000   Code   RO         2187    .ARM.Collect$$libshutdown$$00000004  c_w.l(libshutdown2.o)
    0x0000029e   0x0000029e   0x00000000   Code   RO         2190    .ARM.Collect$$libshutdown$$00000007  c_w.l(libshutdown2.o)
    0x0000029e   0x0000029e   0x00000000   Code   RO         2193    .ARM.Collect$$libshutdown$$0000000A  c_w.l(libshutdown2.o)
    0x0000029e   0x0000029e   0x00000000   Code   RO         2195    .ARM.Collect$$libshutdown$$0000000C  c_w.l(libshutdown2.o)
    0x0000029e   0x0000029e   0x00000000   Code   RO         2198    .ARM.Collect$$libshutdown$$0000000F  c_w.l(libshutdown2.o)
    0x0000029e   0x0000029e   0x00000002   Code   RO         2199    .ARM.Collect$$libshutdown$$00000010  c_w.l(libshutdown2.o)
    0x000002a0   0x000002a0   0x00000000   Code   RO         2008    .ARM.Collect$$rtentry$$00000000  c_w.l(__rtentry.o)
    0x000002a0   0x000002a0   0x00000000   Code   RO         2027    .ARM.Collect$$rtentry$$00000002  c_w.l(__rtentry2.o)
    0x000002a0   0x000002a0   0x00000006   Code   RO         2039    .ARM.Collect$$rtentry$$00000004  c_w.l(__rtentry4.o)
    0x000002a6   0x000002a6   0x00000000   Code   RO         2029    .ARM.Collect$$rtentry$$00000009  c_w.l(__rtentry2.o)
    0x000002a6   0x000002a6   0x00000004   Code   RO         2030    .ARM.Collect$$rtentry$$0000000A  c_w.l(__rtentry2.o)
    0x000002aa   0x000002aa   0x00000000   Code   RO         2032    .ARM.Collect$$rtentry$$0000000C  c_w.l(__rtentry2.o)
    0x000002aa   0x000002aa   0x00000008   Code   RO         2033    .ARM.Collect$$rtentry$$0000000D  c_w.l(__rtentry2.o)
    0x000002b2   0x000002b2   0x00000002   Code   RO         2207    .ARM.Collect$$rtexit$$00000000  c_w.l(rtexit.o)
    0x000002b4   0x000002b4   0x00000000   Code   RO         2256    .ARM.Collect$$rtexit$$00000002  c_w.l(rtexit2.o)
    0x000002b4   0x000002b4   0x00000004   Code   RO         2257    .ARM.Collect$$rtexit$$00000003  c_w.l(rtexit2.o)
    0x000002b8   0x000002b8   0x00000006   Code   RO         2258    .ARM.Collect$$rtexit$$00000004  c_w.l(rtexit2.o)
    0x000002be   0x000002be   0x00000002   PAD
    0x000002c0   0x000002c0   0x00000006   Code   RO         1068    .emb_text           driverlib.lib(sysctl.o)
    0x000002c6   0x000002c6   0x00000002   PAD
    0x000002c8   0x000002c8   0x00000026   Code   RO         1953    .emb_text           driverlib.lib(cpu.o)
    0x000002ee   0x000002ee   0x00000002   PAD
    0x000002f0   0x000002f0   0x0000012c   Code   RO           71  * .text               startup_tm4c129.o
    0x0000041c   0x0000041c   0x0000008a   Code   RO         2000    .text               c_w.l(rt_memcpy_v6.o)
    0x000004a6   0x000004a6   0x00000010   Code   RO         2002    .text               c_w.l(aeabi_memset4.o)
    0x000004b6   0x000004b6   0x00000006   Code   RO         2004    .text               c_w.l(heapauxi.o)
    0x000004bc   0x000004bc   0x00000064   Code   RO         2022    .text               c_w.l(rt_memcpy_w.o)
    0x00000520   0x00000520   0x0000004e   Code   RO         2024    .text               c_w.l(rt_memclr_w.o)
    0x0000056e   0x0000056e   0x0000004a   Code   RO         2056    .text               c_w.l(sys_stackheap_outer.o)
    0x000005b8   0x000005b8   0x00000012   Code   RO         2127    .text               c_w.l(exit.o)
    0x000005ca   0x000005ca   0x00000002   PAD
    0x000005cc   0x000005cc   0x00000008   Code   RO         2204    .text               c_w.l(libspace.o)
    0x000005d4   0x000005d4   0x0000000c   Code   RO         2248    .text               c_w.l(sys_exit.o)
    0x000005e0   0x000005e0   0x00000002   Code   RO         2252    .text               c_w.l(use_no_semi.o)
    0x000005e2   0x000005e2   0x00000000   Code   RO         2254    .text               c_w.l(indicate_semi.o)
    0x000005e2   0x000005e2   0x00000002   PAD
    0x000005e4   0x000005e4   0x00000054   Code   RO           20    .text.PWM_Init      main.o
    0x00000638   0x00000638   0x00000040   Code   RO           28    .text.PedestrianCrossingHandler  main.o
    0x00000678   0x00000678   0x00000008   PAD
    0x00000680   0x00000680   0x00000064   Code   RO          131    .text.PendSV_Handler  port.o
    0x000006e4   0x000006e4   0x0000000c   PAD
    0x000006f0   0x000006f0   0x00000024   Code   RO          115    .text.SVC_Handler   port.o
    0x00000714   0x00000714   0x00000028   Code   RO          133    .text.SysTick_Handler  port.o
    0x0000073c   0x0000073c   0x00000020   Code   RO           80    .text.SystemInit    system_tm4c129.o
    0x0000075c   0x0000075c   0x000000b0   Code   RO           26    .text.TrainCrossingHandler  main.o
    0x0000080c   0x0000080c   0x0000001c   Code   RO           18    .text.UARTSend      main.o
    0x00000828   0x00000828   0x00000060   Code   RO           22    .text.UART_Init     main.o
    0x00000888   0x00000888   0x00000020   Code   RO          338    .text.eTaskConfirmSleepModeStatus  tasks.o
    0x000008a8   0x000008a8   0x00000080   Code   RO           32    .text.eastWest      main.o
    0x00000928   0x00000928   0x00000078   Code   RO           30    .text.enableInterrupts  main.o
    0x000009a0   0x000009a0   0x000000ec   Code   RO           40    .text.main          main.o
    0x00000a8c   0x00000a8c   0x00000080   Code   RO           34    .text.northSouth    main.o
    0x00000b0c   0x00000b0c   0x00000068   Code   RO           36    .text.pedestrianMode  main.o
    0x00000b74   0x00000b74   0x00000074   Code   RO          264    .text.prvAddCurrentTaskToDelayedList  tasks.o
    0x00000be8   0x00000be8   0x00000070   Code   RO          193    .text.prvCopyDataToQueue  queue.o
    0x00000c58   0x00000c58   0x00000014   Code   RO          256    .text.prvDeleteTCB  tasks.o
    0x00000c6c   0x00000c6c   0x00000020   Code   RO          374    .text.prvGetExpectedIdleTime  tasks.o
    0x00000c8c   0x00000c8c   0x0000008c   Code   RO          290    .text.prvIdleTask   tasks.o
    0x00000d18   0x00000d18   0x00000044   Code   RO          152    .text.prvInsertBlockIntoFreeList  heap_4.o
    0x00000d5c   0x00000d5c   0x00000018   Code   RO          207    .text.prvIsQueueEmpty  queue.o
    0x00000d74   0x00000d74   0x00000070   Code   RO          195    .text.prvNotifyQueueSetContainer  queue.o
    0x00000de4   0x00000de4   0x00000028   Code   RO          123    .text.prvPortStartFirstTask  port.o
    0x00000e0c   0x00000e0c   0x00000020   Code   RO          258    .text.prvResetNextTaskUnblockTime  tasks.o
    0x00000e2c   0x00000e2c   0x00000030   Code   RO          113    .text.prvTaskExitError  port.o
    0x00000e5c   0x00000e5c   0x00000076   Code   RO          197    .text.prvUnlockQueue  queue.o
    0x00000ed2   0x00000ed2   0x00000002   PAD
    0x00000ed4   0x00000ed4   0x00000130   Code   RO          150    .text.pvPortMalloc  heap_4.o
    0x00001004   0x00001004   0x00000018   Code   RO          360    .text.pvTaskIncrementMutexHeldCount  tasks.o
    0x0000101c   0x0000101c   0x00000024   Code   RO          111    .text.pxPortInitialiseStack  port.o
    0x00001040   0x00001040   0x00000068   Code   RO           10    .text.setEastAndWest  main.o
    0x000010a8   0x000010a8   0x00000034   Code   RO            6    .text.setGREEN      main.o
    0x000010dc   0x000010dc   0x0000006c   Code   RO            8    .text.setNorthAndSouth  main.o
    0x00001148   0x00001148   0x00000040   Code   RO            4    .text.setRED        main.o
    0x00001188   0x00001188   0x00000050   Code   RO           12    .text.setupInputPins  main.o
    0x000011d8   0x000011d8   0x00000060   Code   RO           14    .text.setupOutputPins  main.o
    0x00001238   0x00001238   0x000000d8   Code   RO           16    .text.sysInit       main.o
    0x00001310   0x00001310   0x0000003c   Code   RO           24    .text.timerStart    main.o
    0x0000134c   0x0000134c   0x000000b0   Code   RO           38    .text.trainMode     main.o
    0x000013fc   0x000013fc   0x00000022   Code   RO          100    .text.uxListRemove  list.o
    0x0000141e   0x0000141e   0x00000016   Code   RO           92    .text.vListInitialise  list.o
    0x00001434   0x00001434   0x00000006   Code   RO           94    .text.vListInitialiseItem  list.o
    0x0000143a   0x0000143a   0x0000002e   Code   RO           98    .text.vListInsert   list.o
    0x00001468   0x00001468   0x0000001a   Code   RO           96    .text.vListInsertEnd  list.o
    0x00001482   0x00001482   0x00000002   PAD
    0x00001484   0x00001484   0x00000014   Code   RO          121    .text.vPortEnableVFP  port.o
    0x00001498   0x00001498   0x00000038   Code   RO          127    .text.vPortEnterCritical  port.o
    0x000014d0   0x000014d0   0x0000002c   Code   RO          129    .text.vPortExitCritical  port.o
    0x000014fc   0x000014fc   0x00000070   Code   RO          154    .text.vPortFree     heap_4.o
    0x0000156c   0x0000156c   0x0000003c   Code   RO          119    .text.vPortSetupTimerInterrupt  port.o
    0x000015a8   0x000015a8   0x000000fc   Code   RO          135    .text.vPortSuppressTicksAndSleep  port.o
    0x000016a4   0x000016a4   0x00000058   Code   RO          137    .text.vPortValidateInterruptPriority  port.o
    0x000016fc   0x000016fc   0x0000008c   Code   RO          260    .text.vTaskDelayUntil  tasks.o
    0x00001788   0x00001788   0x0000000c   Code   RO          328    .text.vTaskInternalSetTimeOutState  tasks.o
    0x00001794   0x00001794   0x00000008   Code   RO          332    .text.vTaskMissedYield  tasks.o
    0x0000179c   0x0000179c   0x00000030   Code   RO          318    .text.vTaskPlaceOnEventList  tasks.o
    0x000017cc   0x000017cc   0x000000a8   Code   RO          356    .text.vTaskPriorityDisinheritAfterTimeout  tasks.o
    0x00001874   0x00001874   0x00000070   Code   RO          288    .text.vTaskStartScheduler  tasks.o
    0x000018e4   0x000018e4   0x00000028   Code   RO          314    .text.vTaskStepTick  tasks.o
    0x0000190c   0x0000190c   0x0000000c   Code   RO          262    .text.vTaskSuspendAll  tasks.o
    0x00001918   0x00001918   0x00000060   Code   RO          280    .text.vTaskSwitchContext  tasks.o
    0x00001978   0x00001978   0x000000e4   Code   RO          117    .text.xPortStartScheduler  port.o
    0x00001a5c   0x00001a5c   0x00000050   Code   RO          175    .text.xQueueGenericCreate  queue.o
    0x00001aac   0x00001aac   0x0000007c   Code   RO          173    .text.xQueueGenericReset  queue.o
    0x00001b28   0x00001b28   0x000001ac   Code   RO          185    .text.xQueueGenericSend  queue.o
    0x00001cd4   0x00001cd4   0x000000b4   Code   RO          201    .text.xQueueGiveFromISR  queue.o
    0x00001d88   0x00001d88   0x00000190   Code   RO          189    .text.xQueueSemaphoreTake  queue.o
    0x00001f18   0x00001f18   0x00000080   Code   RO          330    .text.xTaskCheckForTimeOut  tasks.o
    0x00001f98   0x00001f98   0x00000180   Code   RO          252    .text.xTaskCreate   tasks.o
    0x00002118   0x00002118   0x00000018   Code   RO          350    .text.xTaskGetSchedulerState  tasks.o
    0x00002130   0x00002130   0x00000008   Code   RO          296    .text.xTaskGetTickCount  tasks.o
    0x00002138   0x00002138   0x000000d4   Code   RO          294    .text.xTaskIncrementTick  tasks.o
    0x0000220c   0x0000220c   0x000000a0   Code   RO          354    .text.xTaskPriorityDisinherit  tasks.o
    0x000022ac   0x000022ac   0x00000098   Code   RO          352    .text.xTaskPriorityInherit  tasks.o
    0x00002344   0x00002344   0x00000078   Code   RO          322    .text.xTaskRemoveFromEventList  tasks.o
    0x000023bc   0x000023bc   0x000000c8   Code   RO          266    .text.xTaskResumeAll  tasks.o
    0x00002484   0x00002484   0x00000028   Code   RO          392    i.GPIODirModeSet    driverlib.lib(gpio.o)
    0x000024ac   0x000024ac   0x00000006   Code   RO          393    i.GPIOIntClear      driverlib.lib(gpio.o)
    0x000024b2   0x000024b2   0x0000000c   Code   RO          395    i.GPIOIntEnable     driverlib.lib(gpio.o)
    0x000024be   0x000024be   0x0000000e   Code   RO          398    i.GPIOIntStatus     driverlib.lib(gpio.o)
    0x000024cc   0x000024cc   0x00000050   Code   RO          400    i.GPIOIntTypeSet    driverlib.lib(gpio.o)
    0x0000251c   0x0000251c   0x00000138   Code   RO          404    i.GPIOPadConfigSet  driverlib.lib(gpio.o)
    0x00002654   0x00002654   0x00000044   Code   RO          405    i.GPIOPinConfigure  driverlib.lib(gpio.o)
    0x00002698   0x00002698   0x0000001c   Code   RO          415    i.GPIOPinTypeGPIOInput  driverlib.lib(gpio.o)
    0x000026b4   0x000026b4   0x0000001c   Code   RO          416    i.GPIOPinTypeGPIOOutput  driverlib.lib(gpio.o)
    0x000026d0   0x000026d0   0x0000001c   Code   RO          423    i.GPIOPinTypePWM    driverlib.lib(gpio.o)
    0x000026ec   0x000026ec   0x0000001c   Code   RO          428    i.GPIOPinTypeUART   driverlib.lib(gpio.o)
    0x00002708   0x00002708   0x00000006   Code   RO          434    i.GPIOPinWrite      driverlib.lib(gpio.o)
    0x0000270e   0x0000270e   0x00000002   PAD
    0x00002710   0x00002710   0x00000064   Code   RO          720    i.IntEnable         driverlib.lib(interrupt.o)
    0x00002774   0x00002774   0x0000000e   Code   RO          722    i.IntMasterDisable  driverlib.lib(interrupt.o)
    0x00002782   0x00002782   0x0000000e   Code   RO          723    i.IntMasterEnable   driverlib.lib(interrupt.o)
    0x00002790   0x00002790   0x00000028   Code   RO          731    i.IntPrioritySet    driverlib.lib(interrupt.o)
    0x000027b8   0x000027b8   0x00000034   Code   RO          732    i.IntRegister       driverlib.lib(interrupt.o)
    0x000027ec   0x000027ec   0x00000026   Code   RO          843    i.PWMGenConfigure   driverlib.lib(pwm.o)
    0x00002812   0x00002812   0x0000000a   Code   RO          845    i.PWMGenEnable      driverlib.lib(pwm.o)
    0x0000281c   0x0000281c   0x00000012   Code   RO          858    i.PWMGenPeriodSet   driverlib.lib(pwm.o)
    0x0000282e   0x0000282e   0x00000010   Code   RO          865    i.PWMOutputState    driverlib.lib(pwm.o)
    0x0000283e   0x0000283e   0x00000020   Code   RO          868    i.PWMPulseWidthSet  driverlib.lib(pwm.o)
    0x0000285e   0x0000285e   0x00000002   PAD
    0x00002860   0x00002860   0x000002e4   Code   RO         1070    i.SysCtlClockFreqSet  driverlib.lib(sysctl.o)
    0x00002b44   0x00002b44   0x00000014   Code   RO         1097    i.SysCtlPWMClockSet  driverlib.lib(sysctl.o)
    0x00002b58   0x00002b58   0x00000028   Code   RO         1102    i.SysCtlPeripheralEnable  driverlib.lib(sysctl.o)
    0x00002b80   0x00002b80   0x0000002c   Code   RO         1106    i.SysCtlPeripheralReady  driverlib.lib(sysctl.o)
    0x00002bac   0x00002bac   0x00000060   Code   RO         1420    i.TimerConfigure    driverlib.lib(timer.o)
    0x00002c0c   0x00002c0c   0x0000000e   Code   RO         1429    i.TimerEnable       driverlib.lib(timer.o)
    0x00002c1a   0x00002c1a   0x00000012   Code   RO         1438    i.TimerLoadSet      driverlib.lib(timer.o)
    0x00002c2c   0x00002c2c   0x0000000a   Code   RO         1452    i.TimerValueGet     driverlib.lib(timer.o)
    0x00002c36   0x00002c36   0x00000010   Code   RO         1667    i.UARTCharPutNonBlocking  driverlib.lib(uart.o)
    0x00002c46   0x00002c46   0x0000006e   Code   RO         1672    i.UARTConfigSetExpClk  driverlib.lib(uart.o)
    0x00002cb4   0x00002cb4   0x00000008   Code   RO         1687    i.UARTIntEnable     driverlib.lib(uart.o)
    0x00002cbc   0x00002cbc   0x0000001a   Code   RO         2246    x$fpl$fpinit        fz_wm.l(fpinit.o)
    0x00002cd6   0x00002cd6   0x00000002   PAD
    0x00002cd8   0x00002cd8   0x00000228   Data   RO          436    .constdata          driverlib.lib(gpio.o)
    0x00002f00   0x00002f00   0x0000010c   Data   RO          736    .constdata          driverlib.lib(interrupt.o)
    0x0000300c   0x0000300c   0x00000254   Data   RO         1124    .constdata          driverlib.lib(sysctl.o)
    0x00003260   0x00003260   0x00000020   Data   RO         2334    Region$$Table       anon$$obj.o


    Execution Region ER_RW (Exec base: 0x20000000, Load base: 0x00003400, Size: 0x0000066c, Max: 0xffffffff, ABSOLUTE, COMPRESSED[0x00000018])

    Exec Addr    Load Addr    Size         Type   Attr      Idx    E Section Name        Object

    0x20000000   COMPRESSED   0x00000004   Data   RW           82    .data.SystemCoreClock  system_tm4c129.o
    0x20000004   COMPRESSED   0x00000004   Data   RW          139    .data.uxCriticalNesting  port.o
    0x20000008   COMPRESSED   0x000003f8   PAD
    0x20000400   COMPRESSED   0x0000026c   Data   RW          737    vtable              driverlib.lib(interrupt.o)


    Execution Region ER_ZI (Exec base: 0x20000670, Load base: 0x00003418, Size: 0x000023b0, Max: 0xffffffff, ABSOLUTE)

    Exec Addr    Load Addr    Size         Type   Attr      Idx    E Section Name        Object

    0x20000670        -       0x00000060   Zero   RW         2205    .bss                c_w.l(libspace.o)
    0x200006d0        -       0x00000018   Zero   RW           44    .bss..L_MergedGlobals  main.o
    0x200006e8        -       0x00000014   Zero   RW          140    .bss..L_MergedGlobals  port.o
    0x200006fc        -       0x00000018   Zero   RW          163    .bss..L_MergedGlobals  heap_4.o
    0x20000714        -       0x00000078   Zero   RW          377    .bss..L_MergedGlobals  tasks.o
    0x2000078c        -       0x00000028   Zero   RW          378    .bss..L_MergedGlobals.1  tasks.o
    0x200007b4        -       0x00000004   Zero   RW           42    .bss.g_ui32SysClock  main.o
    0x200007b8        -       0x00000064   Zero   RW          376    .bss.pxReadyTasksLists  tasks.o
    0x2000081c        -       0x00002000   Zero   RW          162    .bss.ucHeap         heap_4.o
    0x2000281c   0x00003418   0x00000004   PAD
    0x20002820        -       0x00000000   Zero   RW           69    HEAP                startup_tm4c129.o
    0x20002820        -       0x00000200   Zero   RW           68    STACK               startup_tm4c129.o


==============================================================================

Image component sizes


      Code (inc. data)   RO Data    RW Data    ZI Data      Debug   Object Name

       484         12          0          0       8216       3649   heap_4.o
       134          0          0          0          0       2250   list.o
      2120        312          0          0         28       5125   main.o
      1048         72          0          4         20       5062   port.o
      1578         12          0          0          0      19271   queue.o
       300         22        512          0        512       6036   startup_tm4c129.o
        32         12          0          4          0       1403   system_tm4c129.o
      2420         84          0          0        260      28532   tasks.o

    ----------------------------------------------------------------------
      8140        546        544       1024       9040      71328   Object Totals
         0          0         32          0          0          0   (incl. Generated)
        24         20          0       1016          4          0   (incl. Padding)

    ----------------------------------------------------------------------

      Code (inc. data)   RO Data    RW Data    ZI Data      Debug   Library Member Name

        58          0          0          0          0          0   __dczerorl.o
         8          0          0          0          0         68   __main.o
         0          0          0          0          0          0   __rtentry.o
        12          0          0          0          0          0   __rtentry2.o
         6          0          0          0          0          0   __rtentry4.o
        52          8          0          0          0          0   __scatter.o
        28          0          0          0          0          0   __scatter_zi.o
        16          0          0          0          0         68   aeabi_memset4.o
        18          0          0          0          0         80   exit.o
         6          0          0          0          0        152   heapauxi.o
         0          0          0          0          0          0   indicate_semi.o
         2          0          0          0          0          0   libinit.o
         6          0          0          0          0          0   libinit2.o
         2          0          0          0          0          0   libshutdown.o
         2          0          0          0          0          0   libshutdown2.o
         8          4          0          0         96         68   libspace.o
        78          0          0          0          0         80   rt_memclr_w.o
       138          0          0          0          0         68   rt_memcpy_v6.o
       100          0          0          0          0         80   rt_memcpy_w.o
         2          0          0          0          0          0   rtexit.o
        10          0          0          0          0          0   rtexit2.o
        12          4          0          0          0         68   sys_exit.o
        74          0          0          0          0         80   sys_stackheap_outer.o
         2          0          0          0          0         68   use_no_semi.o
        38          0          0          0          0        572   cpu.o
       650          8        552          0          0      12272   gpio.o
       220         20        268        620          0       3716   interrupt.o
       114          0          0          0          0       2639   pwm.o
       850         54        596          0          0       5354   sysctl.o
       138          8          0          0          0       2126   timer.o
       134          0          0          0          0       2620   uart.o
        26          0          0          0          0        116   fpinit.o

    ----------------------------------------------------------------------
      2828        106       1416        620         96      30295   Library Totals
        18          0          0          0          0          0   (incl. Padding)

    ----------------------------------------------------------------------

      Code (inc. data)   RO Data    RW Data    ZI Data      Debug   Library Name

       640         16          0          0         96        880   c_w.l
      2144         90       1416        620          0      29299   driverlib.lib
        26          0          0          0          0        116   fz_wm.l

    ----------------------------------------------------------------------
      2828        106       1416        620         96      30295   Library Totals

    ----------------------------------------------------------------------

==============================================================================


      Code (inc. data)   RO Data    RW Data    ZI Data      Debug   

     10968        652       1960       1644       9136      98163   Grand Totals
     10968        652       1960         24       9136      98163   ELF Image Totals (compressed)
     10968        652       1960         24          0          0   ROM Totals

==============================================================================

    Total RO  Size (Code + RO Data)                12928 (  12.63kB)
    Total RW  Size (RW Data + ZI Data)             10780 (  10.53kB)
    Total ROM Size (Code + RO Data + RW Data)      12952 (  12.65kB)

==============================================================================

